79.13.248.116 - - [23/Dec/2023:17:26:17 +0000] "GET /api/sessions/current HTTP/1.1" 304 - "http://34.154.152.81/show" "Mozilla/5.0 (Macintosh; Intel Mac OS X 10_15_7) AppleWebKit/537.36 (KHTML, like Gecko) Chrome/120.0.0.0 Safari/537.36"
79.13.248.116 - - [23/Dec/2023:17:26:17 +0000] "GET /api/memes HTTP/1.1" 304 - "http://34.154.152.81/show" "Mozilla/5.0 (Macintosh; Intel Mac OS X 10_15_7) AppleWebKit/537.36 (KHTML, like Gecko) Chrome/120.0.0.0 Safari/537.36"
79.13.248.116 - - [23/Dec/2023:17:26:17 +0000] "GET /api/sessions/current HTTP/1.1" 304 - "http://34.154.152.81/show" "Mozilla/5.0 (Macintosh; Intel Mac OS X 10_15_7) AppleWebKit/537.36 (KHTML, like Gecko) Chrome/120.0.0.0 Safari/537.36"
79.13.248.116 - - [23/Dec/2023:17:26:17 +0000] "GET /api/memes HTTP/1.1" 304 - "http://34.154.152.81/show" "Mozilla/5.0 (Macintosh; Intel Mac OS X 10_15_7) AppleWebKit/537.36 (KHTML, like Gecko) Chrome/120.0.0.0 Safari/537.36"
79.13.248.116 - - [23/Dec/2023:17:26:17 +0000] "GET /favicon.ico HTTP/1.1" 304 - "http://34.154.152.81/show" "Mozilla/5.0 (Macintosh; Intel Mac OS X 10_15_7) AppleWebKit/537.36 (KHTML, like Gecko) Chrome/120.0.0.0 Safari/537.36"
79.13.248.116 - - [23/Dec/2023:17:32:59 +0000] "GET /meme/fine.png HTTP/1.1" 200 151470 "http://34.154.152.81/show" "Mozilla/5.0 (Macintosh; Intel Mac OS X 10_15_7) AppleWebKit/537.36 (KHTML, like Gecko) Chrome/120.0.0.0 Safari/537.36"
79.13.248.116 - - [23/Dec/2023:17:38:39 +0000] "GET /show HTTP/1.1" 304 - "-" "Mozilla/5.0 (Macintosh; Intel Mac OS X 10_15_7) AppleWebKit/537.36 (KHTML, like Gecko) Chrome/120.0.0.0 Safari/537.36"
79.13.248.116 - - [23/Dec/2023:17:38:39 +0000] "GET /static/css/main.b1d60193.chunk.css HTTP/1.1" 304 - "http://34.154.152.81/show" "Mozilla/5.0 (Macintosh; Intel Mac OS X 10_15_7) AppleWebKit/537.36 (KHTML, like Gecko) Chrome/120.0.0.0 Safari/537.36"
79.13.248.116 - - [23/Dec/2023:17:38:39 +0000] "GET /static/js/2.f5e8e300.chunk.js HTTP/1.1" 304 - "http://34.154.152.81/show" "Mozilla/5.0 (Macintosh; Intel Mac OS X 10_15_7) AppleWebKit/537.36 (KHTML, like Gecko) Chrome/120.0.0.0 Safari/537.36"
79.13.248.116 - - [23/Dec/2023:17:38:39 +0000] "GET /static/js/main.e4532f1e.chunk.js HTTP/1.1" 304 - "http://34.154.152.81/show" "Mozilla/5.0 (Macintosh; Intel Mac OS X 10_15_7) AppleWebKit/537.36 (KHTML, like Gecko) Chrome/120.0.0.0 Safari/537.36"
79.13.248.116 - - [23/Dec/2023:17:38:39 +0000] "GET /logo2.jpeg HTTP/1.1" 304 - "http://34.154.152.81/show" "Mozilla/5.0 (Macintosh; Intel Mac OS X 10_15_7) AppleWebKit/537.36 (KHTML, like Gecko) Chrome/120.0.0.0 Safari/537.36"
79.13.248.116 - - [23/Dec/2023:17:38:39 +0000] "GET /meme/fine.png HTTP/1.1" 304 - "http://34.154.152.81/show" "Mozilla/5.0 (Macintosh; Intel Mac OS X 10_15_7) AppleWebKit/537.36 (KHTML, like Gecko) Chrome/120.0.0.0 Safari/537.36"
79.13.248.116 - - [23/Dec/2023:17:38:39 +0000] "GET /api/sessions/current HTTP/1.1" 304 - "http://34.154.152.81/show" "Mozilla/5.0 (Macintosh; Intel Mac OS X 10_15_7) AppleWebKit/537.36 (KHTML, like Gecko) Chrome/120.0.0.0 Safari/537.36"
79.13.248.116 - - [23/Dec/2023:17:38:39 +0000] "GET /api/memes HTTP/1.1" 304 - "http://34.154.152.81/show" "Mozilla/5.0 (Macintosh; Intel Mac OS X 10_15_7) AppleWebKit/537.36 (KHTML, like Gecko) Chrome/120.0.0.0 Safari/537.36"
79.13.248.116 - - [23/Dec/2023:17:38:39 +0000] "GET /favicon.ico HTTP/1.1" 304 - "http://34.154.152.81/show" "Mozilla/5.0 (Macintosh; Intel Mac OS X 10_15_7) AppleWebKit/537.36 (KHTML, like Gecko) Chrome/120.0.0.0 Safari/537.36"
79.13.248.116 - - [23/Dec/2023:17:38:39 +0000] "GET /api/sessions/current HTTP/1.1" 304 - "http://34.154.152.81/show" "Mozilla/5.0 (Macintosh; Intel Mac OS X 10_15_7) AppleWebKit/537.36 (KHTML, like Gecko) Chrome/120.0.0.0 Safari/537.36"
79.13.248.116 - - [23/Dec/2023:17:38:39 +0000] "GET /api/memes HTTP/1.1" 304 - "http://34.154.152.81/show" "Mozilla/5.0 (Macintosh; Intel Mac OS X 10_15_7) AppleWebKit/537.36 (KHTML, like Gecko) Chrome/120.0.0.0 Safari/537.36"
79.13.248.116 - - [23/Dec/2023:17:39:30 +0000] "DELETE /api/sessions/current HTTP/1.1" 200 - "http://34.154.152.81/" "Mozilla/5.0 (Macintosh; Intel Mac OS X 10_15_7) AppleWebKit/537.36 (KHTML, like Gecko) Chrome/120.0.0.0 Safari/537.36"
79.13.248.116 - - [23/Dec/2023:17:39:30 +0000] "GET /api/memes HTTP/1.1" 200 2150 "http://34.154.152.81/" "Mozilla/5.0 (Macintosh; Intel Mac OS X 10_15_7) AppleWebKit/537.36 (KHTML, like Gecko) Chrome/120.0.0.0 Safari/537.36"
79.13.248.116 - - [23/Dec/2023:17:39:40 +0000] "POST /api/sessions HTTP/1.1" 401 49 "http://34.154.152.81/login" "Mozilla/5.0 (Macintosh; Intel Mac OS X 10_15_7) AppleWebKit/537.36 (KHTML, like Gecko) Chrome/120.0.0.0 Safari/537.36"
79.13.248.116 - - [23/Dec/2023:17:39:40 +0000] "GET /api/memes HTTP/1.1" 304 - "http://34.154.152.81/login" "Mozilla/5.0 (Macintosh; Intel Mac OS X 10_15_7) AppleWebKit/537.36 (KHTML, like Gecko) Chrome/120.0.0.0 Safari/537.36"
79.13.248.116 - - [23/Dec/2023:17:39:40 +0000] "GET /api/memes HTTP/1.1" 304 - "http://34.154.152.81/login" "Mozilla/5.0 (Macintosh; Intel Mac OS X 10_15_7) AppleWebKit/537.36 (KHTML, like Gecko) Chrome/120.0.0.0 Safari/537.36"
79.13.248.116 - - [23/Dec/2023:17:39:59 +0000] "GET /login?user=%27OR1=1+union HTTP/1.1" 200 3230 "-" "Mozilla/5.0 (Macintosh; Intel Mac OS X 10_15_7) AppleWebKit/537.36 (KHTML, like Gecko) Chrome/120.0.0.0 Safari/537.36"
79.13.248.116 - - [23/Dec/2023:17:39:59 +0000] "GET /static/css/main.b1d60193.chunk.css HTTP/1.1" 304 - "http://34.154.152.81/login?user=%27OR1=1+union" "Mozilla/5.0 (Macintosh; Intel Mac OS X 10_15_7) AppleWebKit/537.36 (KHTML, like Gecko) Chrome/120.0.0.0 Safari/537.36"
79.13.248.116 - - [23/Dec/2023:17:39:59 +0000] "GET /static/js/main.e4532f1e.chunk.js HTTP/1.1" 304 - "http://34.154.152.81/login?user=%27OR1=1+union" "Mozilla/5.0 (Macintosh; Intel Mac OS X 10_15_7) AppleWebKit/537.36 (KHTML, like Gecko) Chrome/120.0.0.0 Safari/537.36"
79.13.248.116 - - [23/Dec/2023:17:39:59 +0000] "GET /static/js/2.f5e8e300.chunk.js HTTP/1.1" 304 - "http://34.154.152.81/login?user=%27OR1=1+union" "Mozilla/5.0 (Macintosh; Intel Mac OS X 10_15_7) AppleWebKit/537.36 (KHTML, like Gecko) Chrome/120.0.0.0 Safari/537.36"
79.13.248.116 - - [23/Dec/2023:17:39:59 +0000] "GET /logo2.jpeg HTTP/1.1" 304 - "http://34.154.152.81/login?user=%27OR1=1+union" "Mozilla/5.0 (Macintosh; Intel Mac OS X 10_15_7) AppleWebKit/537.36 (KHTML, like Gecko) Chrome/120.0.0.0 Safari/537.36"
79.13.248.116 - - [23/Dec/2023:17:39:59 +0000] "GET /api/sessions/current HTTP/1.1" 401 37 "http://34.154.152.81/login?user=%27OR1=1+union" "Mozilla/5.0 (Macintosh; Intel Mac OS X 10_15_7) AppleWebKit/537.36 (KHTML, like Gecko) Chrome/120.0.0.0 Safari/537.36"
79.13.248.116 - - [23/Dec/2023:17:39:59 +0000] "GET /api/memes HTTP/1.1" 304 - "http://34.154.152.81/login?user=%27OR1=1+union" "Mozilla/5.0 (Macintosh; Intel Mac OS X 10_15_7) AppleWebKit/537.36 (KHTML, like Gecko) Chrome/120.0.0.0 Safari/537.36"
79.13.248.116 - - [23/Dec/2023:17:40:25 +0000] "GET /login?user=%27OR1=1 HTTP/1.1" 200 3230 "-" "Mozilla/5.0 (Macintosh; Intel Mac OS X 10_15_7) AppleWebKit/537.36 (KHTML, like Gecko) Chrome/120.0.0.0 Safari/537.36"
79.13.248.116 - - [23/Dec/2023:17:40:25 +0000] "GET /static/js/2.f5e8e300.chunk.js HTTP/1.1" 304 - "http://34.154.152.81/login?user=%27OR1=1" "Mozilla/5.0 (Macintosh; Intel Mac OS X 10_15_7) AppleWebKit/537.36 (KHTML, like Gecko) Chrome/120.0.0.0 Safari/537.36"
79.13.248.116 - - [23/Dec/2023:17:40:25 +0000] "GET /static/css/main.b1d60193.chunk.css HTTP/1.1" 304 - "http://34.154.152.81/login?user=%27OR1=1" "Mozilla/5.0 (Macintosh; Intel Mac OS X 10_15_7) AppleWebKit/537.36 (KHTML, like Gecko) Chrome/120.0.0.0 Safari/537.36"
79.13.248.116 - - [23/Dec/2023:17:40:25 +0000] "GET /static/js/main.e4532f1e.chunk.js HTTP/1.1" 304 - "http://34.154.152.81/login?user=%27OR1=1" "Mozilla/5.0 (Macintosh; Intel Mac OS X 10_15_7) AppleWebKit/537.36 (KHTML, like Gecko) Chrome/120.0.0.0 Safari/537.36"
79.13.248.116 - - [23/Dec/2023:17:40:26 +0000] "GET /api/sessions/current HTTP/1.1" 401 37 "http://34.154.152.81/login?user=%27OR1=1" "Mozilla/5.0 (Macintosh; Intel Mac OS X 10_15_7) AppleWebKit/537.36 (KHTML, like Gecko) Chrome/120.0.0.0 Safari/537.36"
79.13.248.116 - - [23/Dec/2023:17:40:26 +0000] "GET /logo2.jpeg HTTP/1.1" 304 - "http://34.154.152.81/login?user=%27OR1=1" "Mozilla/5.0 (Macintosh; Intel Mac OS X 10_15_7) AppleWebKit/537.36 (KHTML, like Gecko) Chrome/120.0.0.0 Safari/537.36"
79.13.248.116 - - [23/Dec/2023:17:40:26 +0000] "GET /api/memes HTTP/1.1" 304 - "http://34.154.152.81/login?user=%27OR1=1" "Mozilla/5.0 (Macintosh; Intel Mac OS X 10_15_7) AppleWebKit/537.36 (KHTML, like Gecko) Chrome/120.0.0.0 Safari/537.36"
144.217.80.80 - - [23/Dec/2023:17:41:11 +0000] "GET / HTTP/1.0" - - "-" "-"
185.220.101.177 - - [23/Dec/2023:17:41:16 +0000] "GET / HTTP/1.1" 200 3230 "-" "smobsVqoAPeeA39"
89.58.41.251 - - [23/Dec/2023:17:42:51 +0000] "GET / HTTP/1.1" 200 3230 "-" "PRfd5m7cTQyGsoZ"
89.58.41.251 - - [23/Dec/2023:17:42:53 +0000] "GET / HTTP/1.1" 200 3230 "-" "CVQOxNhYucvsoOi"
89.58.41.251 - - [23/Dec/2023:17:42:53 +0000] "GET /favicon.ico HTTP/1.1" 200 3870 "-" "USQuF4l6n9OfbZO"
89.58.41.251 - - [23/Dec/2023:17:42:54 +0000] "GET /robots.txt HTTP/1.1" 200 67 "-" "e2IX11kPhj9OuuF"
167.94.146.56 - - [23/Dec/2023:18:01:55 +0000] "GET / HTTP/1.1" 200 3230 "-" "-"
167.94.146.56 - - [23/Dec/2023:18:01:58 +0000] "GET / HTTP/1.1" 200 3230 "-" "Mozilla/5.0 (compatible; CensysInspect/1.1; +https://about.censys.io/)"
167.94.146.56 - - [23/Dec/2023:18:01:58 +0000] "GET /favicon.ico HTTP/1.1" 200 3870 "-" "Mozilla/5.0 (compatible; CensysInspect/1.1; +https://about.censys.io/)"
167.94.146.56 - - [23/Dec/2023:18:01:58 +0000] "GET /logo192.png HTTP/1.1" 200 5347 "-" "Mozilla/5.0 (compatible; CensysInspect/1.1; +https://about.censys.io/)"
79.13.248.116 - - [23/Dec/2023:18:12:13 +0000] "GET /login?user=%27OR1=1 HTTP/1.1" 304 - "-" "Mozilla/5.0 (Macintosh; Intel Mac OS X 10_15_7) AppleWebKit/537.36 (KHTML, like Gecko) Chrome/120.0.0.0 Safari/537.36"
79.13.248.116 - - [23/Dec/2023:18:12:13 +0000] "GET /static/js/2.f5e8e300.chunk.js HTTP/1.1" 304 - "http://34.154.152.81/login?user=%27OR1=1" "Mozilla/5.0 (Macintosh; Intel Mac OS X 10_15_7) AppleWebKit/537.36 (KHTML, like Gecko) Chrome/120.0.0.0 Safari/537.36"
79.13.248.116 - - [23/Dec/2023:18:12:13 +0000] "GET /static/css/main.b1d60193.chunk.css HTTP/1.1" 304 - "http://34.154.152.81/login?user=%27OR1=1" "Mozilla/5.0 (Macintosh; Intel Mac OS X 10_15_7) AppleWebKit/537.36 (KHTML, like Gecko) Chrome/120.0.0.0 Safari/537.36"
79.13.248.116 - - [23/Dec/2023:18:12:13 +0000] "GET /static/js/main.e4532f1e.chunk.js HTTP/1.1" 304 - "http://34.154.152.81/login?user=%27OR1=1" "Mozilla/5.0 (Macintosh; Intel Mac OS X 10_15_7) AppleWebKit/537.36 (KHTML, like Gecko) Chrome/120.0.0.0 Safari/537.36"
79.13.248.116 - - [23/Dec/2023:18:12:13 +0000] "GET /logo2.jpeg HTTP/1.1" 304 - "http://34.154.152.81/login?user=%27OR1=1" "Mozilla/5.0 (Macintosh; Intel Mac OS X 10_15_7) AppleWebKit/537.36 (KHTML, like Gecko) Chrome/120.0.0.0 Safari/537.36"
79.13.248.116 - - [23/Dec/2023:18:12:13 +0000] "GET /api/sessions/current HTTP/1.1" 401 37 "http://34.154.152.81/login?user=%27OR1=1" "Mozilla/5.0 (Macintosh; Intel Mac OS X 10_15_7) AppleWebKit/537.36 (KHTML, like Gecko) Chrome/120.0.0.0 Safari/537.36"
79.13.248.116 - - [23/Dec/2023:18:12:13 +0000] "GET /api/memes HTTP/1.1" 304 - "http://34.154.152.81/login?user=%27OR1=1" "Mozilla/5.0 (Macintosh; Intel Mac OS X 10_15_7) AppleWebKit/537.36 (KHTML, like Gecko) Chrome/120.0.0.0 Safari/537.36"
79.13.248.116 - - [23/Dec/2023:18:12:14 +0000] "GET /favicon.ico HTTP/1.1" 304 - "http://34.154.152.81/login?user=%27OR1=1" "Mozilla/5.0 (Macintosh; Intel Mac OS X 10_15_7) AppleWebKit/537.36 (KHTML, like Gecko) Chrome/120.0.0.0 Safari/537.36"
83.97.73.87 - - [23/Dec/2023:18:14:48 +0000] "GET /?XDEBUG_SESSION_START=phpstorm HTTP/1.1" 200 3230 "-" "Mozilla/5.0 (Windows NT 10.0; Win64; x64) AppleWebKit/537.36 (KHTML, like Gecko) Chrome/78.0.3904.108 Safari/537.36"
79.13.248.116 - - [23/Dec/2023:18:29:33 +0000] "GET / HTTP/1.1" 304 - "-" "Mozilla/5.0 (Macintosh; Intel Mac OS X 10_15_7) AppleWebKit/537.36 (KHTML, like Gecko) Chrome/120.0.0.0 Safari/537.36"
79.13.248.116 - - [23/Dec/2023:18:29:33 +0000] "GET /static/css/main.b1d60193.chunk.css HTTP/1.1" 304 - "http://34.154.152.81/" "Mozilla/5.0 (Macintosh; Intel Mac OS X 10_15_7) AppleWebKit/537.36 (KHTML, like Gecko) Chrome/120.0.0.0 Safari/537.36"
79.13.248.116 - - [23/Dec/2023:18:29:33 +0000] "GET /static/js/2.f5e8e300.chunk.js HTTP/1.1" 304 - "http://34.154.152.81/" "Mozilla/5.0 (Macintosh; Intel Mac OS X 10_15_7) AppleWebKit/537.36 (KHTML, like Gecko) Chrome/120.0.0.0 Safari/537.36"
79.13.248.116 - - [23/Dec/2023:18:29:33 +0000] "GET /static/js/main.e4532f1e.chunk.js HTTP/1.1" 304 - "http://34.154.152.81/" "Mozilla/5.0 (Macintosh; Intel Mac OS X 10_15_7) AppleWebKit/537.36 (KHTML, like Gecko) Chrome/120.0.0.0 Safari/537.36"
79.13.248.116 - - [23/Dec/2023:18:29:33 +0000] "GET /logo2.jpeg HTTP/1.1" 304 - "http://34.154.152.81/" "Mozilla/5.0 (Macintosh; Intel Mac OS X 10_15_7) AppleWebKit/537.36 (KHTML, like Gecko) Chrome/120.0.0.0 Safari/537.36"
79.13.248.116 - - [23/Dec/2023:18:29:33 +0000] "GET /api/sessions/current HTTP/1.1" 401 37 "http://34.154.152.81/" "Mozilla/5.0 (Macintosh; Intel Mac OS X 10_15_7) AppleWebKit/537.36 (KHTML, like Gecko) Chrome/120.0.0.0 Safari/537.36"
79.13.248.116 - - [23/Dec/2023:18:29:33 +0000] "GET /favicon.ico HTTP/1.1" 304 - "http://34.154.152.81/" "Mozilla/5.0 (Macintosh; Intel Mac OS X 10_15_7) AppleWebKit/537.36 (KHTML, like Gecko) Chrome/120.0.0.0 Safari/537.36"
79.13.248.116 - - [23/Dec/2023:18:29:33 +0000] "GET /api/memes HTTP/1.1" 304 - "http://34.154.152.81/" "Mozilla/5.0 (Macintosh; Intel Mac OS X 10_15_7) AppleWebKit/537.36 (KHTML, like Gecko) Chrome/120.0.0.0 Safari/537.36"
79.13.248.116 - - [23/Dec/2023:18:29:34 +0000] "GET /meme/brain.jpg HTTP/1.1" 304 - "http://34.154.152.81/show" "Mozilla/5.0 (Macintosh; Intel Mac OS X 10_15_7) AppleWebKit/537.36 (KHTML, like Gecko) Chrome/120.0.0.0 Safari/537.36"
79.13.248.116 - - [23/Dec/2023:18:29:42 +0000] "POST /api/sessions HTTP/1.1" 401 49 "http://34.154.152.81/login" "Mozilla/5.0 (Macintosh; Intel Mac OS X 10_15_7) AppleWebKit/537.36 (KHTML, like Gecko) Chrome/120.0.0.0 Safari/537.36"
79.13.248.116 - - [23/Dec/2023:18:29:42 +0000] "GET /api/memes HTTP/1.1" 304 - "http://34.154.152.81/login" "Mozilla/5.0 (Macintosh; Intel Mac OS X 10_15_7) AppleWebKit/537.36 (KHTML, like Gecko) Chrome/120.0.0.0 Safari/537.36"
79.13.248.116 - - [23/Dec/2023:18:29:42 +0000] "GET /api/memes HTTP/1.1" 304 - "http://34.154.152.81/login" "Mozilla/5.0 (Macintosh; Intel Mac OS X 10_15_7) AppleWebKit/537.36 (KHTML, like Gecko) Chrome/120.0.0.0 Safari/537.36"
159.223.40.122 - - [23/Dec/2023:19:00:10 +0000] "GET /cdn-cgi/trace HTTP/1.1" 200 3230 "-" "Mozilla/5.0"
83.97.73.87 - - [23/Dec/2023:19:32:26 +0000] "GET /actuator/gateway/routes HTTP/1.1" 200 3230 "-" "Mozilla/5.0 (Windows NT 10.0; Win64; x64) AppleWebKit/537.36 (KHTML, like Gecko) Chrome/78.0.3904.108 Safari/537.36"
222.186.13.132 - - [23/Dec/2023:19:43:20 +0000] "GET / HTTP/1.0" 200 3230 "-" "-"
222.186.13.132 - - [23/Dec/2023:19:43:21 +0000] "GET /favicon.ico HTTP/1.1" 200 3870 "-" "Mozilla/5.0 (X11; Linux x86_64) AppleWebKit/537.36 (KHTML, like Gecko) Chrome/86.0.4 240.111 Safari/537.36"
222.186.13.132 - - [23/Dec/2023:19:43:22 +0000] "GET /robots.txt HTTP/1.1" 200 67 "-" "Mozilla/5.0 (X11; Linux x86_64) AppleWebKit/537.36 (KHTML, like Gecko) Chrome/86.0.4 240.111 Safari/537.36"
222.186.13.132 - - [23/Dec/2023:19:43:22 +0000] "GET /.well-known/security.txt HTTP/1.1" 200 3230 "-" "Mozilla/5.0 (X11; Linux x86_64) AppleWebKit/537.36 (KHTML, like Gecko) Chrome/86.0.4 240.111 Safari/537.36"
90.151.171.106 - - [23/Dec/2023:19:46:16 +0000] "GET http://eth0.me?Z71886550850Q1 HTTP/1.1" 200 3230 "https://google.com/" "Mozilla/5.0 (Windows NT 6.1; rv:16.0) Gecko/20100101 Firefox/16.0 (+https://best-proxies.ru/faq/#from)"
23.235.171.243 - - [23/Dec/2023:19:57:39 +0000] "GET http://txt.go.sohu.com/ip/soip?_170196685214800131819268190277972 HTTP/1.1" 200 3230 "-" "Mozilla/5.0 (Windows NT 6.1; Win64; x64) AppleWebKit/537.36 (KHTML, like Gecko) Chrome/77.0.3865.75 Safari/537.36"
83.97.73.87 - - [23/Dec/2023:19:58:10 +0000] "GET /geoserver HTTP/1.1" 200 3230 "-" "Mozilla/5.0 (Windows NT 10.0; Win64; x64) AppleWebKit/537.36 (KHTML, like Gecko) Chrome/78.0.3904.108 Safari/537.36"
34.140.248.32 - - [23/Dec/2023:20:21:56 +0000] "GET / HTTP/1.1" 200 3230 "-" "python-requests/2.31.0"
95.214.235.169 - - [23/Dec/2023:20:27:36 +0000] "GET /.env HTTP/1.1" 200 3230 "-" "Mozilla/5.0 (X11; Linux x86_64) AppleWebKit/537.36 (KHTML, like Gecko) Chrome/81.0.4044.129 Safari/537.36"
95.214.235.169 - - [23/Dec/2023:20:27:37 +0000] "POST / HTTP/1.1" 404 140 "-" "Mozilla/5.0 (X11; Linux x86_64) AppleWebKit/537.36 (KHTML, like Gecko) Chrome/81.0.4044.129 Safari/537.36"
90.151.171.106 - - [23/Dec/2023:21:24:30 +0000] "GET http://api.ipify.org?Z71886550850Q1 HTTP/1.1" 200 3230 "https://google.com/" "Mozilla/5.0 (Windows NT 6.1; rv:16.0) Gecko/20100101 Firefox/16.0 (+https://best-proxies.ru/faq/#from)"
54.37.79.75 - - [23/Dec/2023:22:38:29 +0000] "GET /.env HTTP/1.1" 200 3230 "-" "Mozilla/5.0 (X11; Linux x86_64) AppleWebKit/537.36 (KHTML, like Gecko) Chrome/81.0.4044.129 Safari/537.36"
54.37.79.75 - - [23/Dec/2023:22:38:29 +0000] "POST / HTTP/1.1" 404 140 "-" "Mozilla/5.0 (X11; Linux x86_64) AppleWebKit/537.36 (KHTML, like Gecko) Chrome/81.0.4044.129 Safari/537.36"
54.37.79.75 - - [23/Dec/2023:23:16:18 +0000] "GET /.env HTTP/1.1" 200 3230 "-" "Mozilla/5.0 (X11; Linux x86_64) AppleWebKit/537.36 (KHTML, like Gecko) Chrome/81.0.4044.129 Safari/537.36"
54.37.79.75 - - [23/Dec/2023:23:16:18 +0000] "POST / HTTP/1.1" 404 140 "-" "Mozilla/5.0 (X11; Linux x86_64) AppleWebKit/537.36 (KHTML, like Gecko) Chrome/81.0.4044.129 Safari/537.36"
95.214.235.169 - - [23/Dec/2023:23:45:50 +0000] "GET /.env HTTP/1.1" 200 3230 "-" "Mozilla/5.0 (X11; Linux x86_64) AppleWebKit/537.36 (KHTML, like Gecko) Chrome/81.0.4044.129 Safari/537.36"
95.214.235.169 - - [23/Dec/2023:23:45:54 +0000] "POST / HTTP/1.1" 404 140 "-" "Mozilla/5.0 (X11; Linux x86_64) AppleWebKit/537.36 (KHTML, like Gecko) Chrome/81.0.4044.129 Safari/537.36"
90.151.171.106 - - [24/Dec/2023:00:36:13 +0000] "GET http://eth0.me?Z71886550850Q1 HTTP/1.1" 200 3230 "https://google.com/" "Mozilla/5.0 (Windows NT 6.1; rv:16.0) Gecko/20100101 Firefox/16.0 (+https://best-proxies.ru/faq/#from)"
185.220.103.9 - - [24/Dec/2023:00:40:13 +0000] "GET / HTTP/1.0" - - "-" "-"
5.42.80.232 - - [24/Dec/2023:00:40:20 +0000] "GET / HTTP/1.1" 200 3230 "-" "wk4WNMtnKHsZh6M"
5.42.80.232 - - [24/Dec/2023:00:40:33 +0000] "GET / HTTP/1.1" 200 3230 "-" "VOafZ7OF1HnBkCW"
5.42.80.232 - - [24/Dec/2023:00:40:34 +0000] "GET /favicon.ico HTTP/1.1" 200 3870 "-" "qOBVIeeSjJazSi5"
5.42.80.232 - - [24/Dec/2023:00:40:35 +0000] "GET /robots.txt HTTP/1.1" 200 67 "-" "bLoj2OiczZlonMa"
5.42.80.232 - - [24/Dec/2023:00:40:35 +0000] "HEAD / HTTP/1.1" 200 3230 "-" "4IrDYYkjTnB5ceU"
5.42.80.232 - - [24/Dec/2023:00:40:36 +0000] "DELETE / HTTP/1.1" 404 142 "-" "u5td5NMkWSQgiWn"
162.216.149.153 - - [24/Dec/2023:00:49:22 +0000] "GET / HTTP/1.1" 200 3230 "-" "Expanse, a Palo Alto Networks company, searches across the global IPv4 space multiple times per day to identify customers&#39; presences on the Internet. If you would like to be excluded from our scans, please send IP addresses/domains to: scaninfo@paloaltonetworks.com"
54.36.115.221 - - [24/Dec/2023:01:32:59 +0000] "GET /.env HTTP/1.1" 200 3230 "-" "Mozilla/5.0 (X11; Linux x86_64) AppleWebKit/537.36 (KHTML, like Gecko) Chrome/81.0.4044.129 Safari/537.36"
54.36.115.221 - - [24/Dec/2023:01:32:59 +0000] "POST / HTTP/1.1" 404 140 "-" "Mozilla/5.0 (X11; Linux x86_64) AppleWebKit/537.36 (KHTML, like Gecko) Chrome/81.0.4044.129 Safari/537.36"
154.72.200.110 - - [24/Dec/2023:01:35:13 +0000] "GET /invoker/readonly HTTP/1.1" 200 3230 "-" "Mozilla/5.0 (Windows NT 10.0; Win64; x64; rv:83.0) Gecko/20100101 Firefox/83.0"
154.72.200.110 - - [24/Dec/2023:01:35:13 +0000] "POST /_ignition/execute-solution HTTP/1.1" 404 166 "-" "Mozilla/5.0 (Windows NT 10.0; Win64; x64; rv:83.0) Gecko/20100101 Firefox/83.0"
154.72.200.110 - - [24/Dec/2023:01:35:14 +0000] "POST /vendor/phpunit/phpunit/src/Util/PHP/eval-stdin.php HTTP/1.1" 404 190 "-" "Mozilla/5.0 (Windows NT 10.0; Win64; x64; rv:83.0) Gecko/20100101 Firefox/83.0"
154.72.200.110 - - [24/Dec/2023:01:35:14 +0000] "GET / HTTP/1.1" 200 3230 "-" "Mozilla/5.0 (Windows NT 10.0; Win64; x64; rv:83.0) Gecko/20100101 Firefox/83.0"
154.72.200.110 - - [24/Dec/2023:01:35:14 +0000] "GET /script HTTP/1.1" 200 3230 "-" "Mozilla/5.0 (Windows NT 10.0; Win64; x64; rv:83.0) Gecko/20100101 Firefox/83.0"
154.72.200.110 - - [24/Dec/2023:01:35:15 +0000] "GET /login HTTP/1.1" 200 3230 "-" "Mozilla/5.0 (Windows NT 10.0; Win64; x64; rv:83.0) Gecko/20100101 Firefox/83.0"
154.72.200.110 - - [24/Dec/2023:01:35:15 +0000] "GET /jenkins/login HTTP/1.1" 200 3230 "-" "Mozilla/5.0 (Windows NT 10.0; Win64; x64; rv:83.0) Gecko/20100101 Firefox/83.0"
154.72.200.110 - 8hYTSUFk [24/Dec/2023:01:35:15 +0000] "GET /manager/html HTTP/1.1" 200 3230 "-" "Mozilla/5.0 (Windows NT 10.0; Win64; x64; rv:83.0) Gecko/20100101 Firefox/83.0"
154.72.200.110 - - [24/Dec/2023:01:35:15 +0000] "GET /?s=/Index/\think\app/invokefunction&function=call_user_func_array&vars[0]=md5&vars[1][]=b494q15a HTTP/1.1" 200 3230 "-" "Mozilla/5.0 (Windows NT 10.0; Win64; x64; rv:83.0) Gecko/20100101 Firefox/83.0"
154.72.200.110 - - [24/Dec/2023:01:35:16 +0000] "GET /users/sign_in HTTP/1.1" 200 3230 "-" "Mozilla/5.0 (Windows NT 10.0; Win64; x64; rv:83.0) Gecko/20100101 Firefox/83.0"
154.72.200.110 - - [24/Dec/2023:01:35:16 +0000] "GET /wp-login.php HTTP/1.1" 200 3230 "-" "Mozilla/5.0 (Windows NT 10.0; Win64; x64; rv:83.0) Gecko/20100101 Firefox/83.0"
172.104.210.105 - - [24/Dec/2023:01:39:48 +0000] "GET / HTTP/1.1" 200 3230 "-" "Mozilla/5.0 zgrab/0.x"
107.189.1.160 - - [24/Dec/2023:01:40:02 +0000] "GET / HTTP/1.0" - - "-" "-"
172.104.11.4 - - [24/Dec/2023:01:40:05 +0000] "GET / HTTP/1.1" 200 3230 "-" "Mozilla/5.0 (Macintosh; Intel Mac OS X 13_1) AppleWebKit/537.36 (KHTML, like Gecko) Chrome/108.0.0.0 Safari/537.36"
107.189.1.160 - - [24/Dec/2023:01:40:23 +0000] "GET / HTTP/1.1" 200 3230 "-" "8BknDQOFtWOcKSV"
54.36.108.162 - - [24/Dec/2023:01:40:57 +0000] "GET / HTTP/1.1" 200 3230 "-" "08DzENBA3ras2zG"
54.36.108.162 - - [24/Dec/2023:01:40:59 +0000] "GET / HTTP/1.1" 200 3230 "-" "WzvRS7BbmT7DXfL"
54.36.108.162 - - [24/Dec/2023:01:41:00 +0000] "GET /favicon.ico HTTP/1.1" 200 3870 "-" "fYkaYZn1sOyVCEX"
54.36.108.162 - - [24/Dec/2023:01:41:02 +0000] "GET /robots.txt HTTP/1.1" 200 67 "-" "r4MzK6j4bzrHQvO"
54.36.108.162 - - [24/Dec/2023:01:41:03 +0000] "HEAD / HTTP/1.1" 200 3230 "-" "vTP2W3sZzxC3xCZ"
54.36.108.162 - - [24/Dec/2023:01:41:04 +0000] "DELETE / HTTP/1.1" 404 142 "-" "MnhB1xNg8QYT3Z0"
198.235.24.137 - - [24/Dec/2023:01:46:46 +0000] "GET / HTTP/1.0" 200 3230 "-" "Expanse, a Palo Alto Networks company, searches across the global IPv4 space multiple times per day to identify customers&#39; presences on the Internet. If you would like to be excluded from our scans, please send IP addresses/domains to: scaninfo@paloaltonetworks.com"
37.6.222.100 - - [24/Dec/2023:02:13:17 +0000] "GET / HTTP/1.0" 200 3230 "-" "-"
95.214.235.169 - - [24/Dec/2023:02:24:30 +0000] "GET /.env HTTP/1.1" 200 3230 "-" "Mozilla/5.0 (X11; Linux x86_64) AppleWebKit/537.36 (KHTML, like Gecko) Chrome/81.0.4044.129 Safari/537.36"
95.214.235.169 - - [24/Dec/2023:02:24:30 +0000] "POST / HTTP/1.1" 404 140 "-" "Mozilla/5.0 (X11; Linux x86_64) AppleWebKit/537.36 (KHTML, like Gecko) Chrome/81.0.4044.129 Safari/537.36"
64.62.197.12 - - [24/Dec/2023:02:27:55 +0000] "GET / HTTP/1.1" 200 3230 "-" "Mozilla/5.0 (Windows NT 10.0; Win64; x64; rv:109.0) Gecko/20100101 Firefox/109.0"
64.62.197.15 - - [24/Dec/2023:02:30:02 +0000] "GET /favicon.ico HTTP/1.1" 200 3870 "-" "Mozilla/5.0 (Windows NT 10.0; rv:110.0) Gecko/20100101 Firefox/110.0"
64.62.197.7 - - [24/Dec/2023:02:30:38 +0000] "GET /geoserver/web/ HTTP/1.1" 200 3230 "-" "Mozilla/5.0 (Windows NT 10.0; Win64; x64; rv:109.0) Gecko/20100101 Firefox/109.0"
45.79.163.53 - - [24/Dec/2023:02:38:46 +0000] "GET / HTTP/1.1" 200 3230 "-" "Mozilla/5.0 zgrab/0.x"
45.33.87.154 - - [24/Dec/2023:02:40:38 +0000] "GET / HTTP/1.1" 200 3230 "-" "Mozilla/5.0 zgrab/0.x"
45.79.181.251 - - [24/Dec/2023:02:42:12 +0000] "GET / HTTP/1.1" 200 3230 "-" "Mozilla/5.0 (Macintosh; Intel Mac OS X 13_1) AppleWebKit/537.36 (KHTML, like Gecko) Chrome/108.0.0.0 Safari/537.36"
45.79.181.104 - - [24/Dec/2023:02:44:47 +0000] "GET / HTTP/1.1" 200 3230 "-" "Mozilla/5.0 (Macintosh; Intel Mac OS X 13_1) AppleWebKit/537.36 (KHTML, like Gecko) Chrome/108.0.0.0 Safari/537.36"
45.33.87.154 - - [24/Dec/2023:03:13:25 +0000] "GET / HTTP/1.1" 200 3230 "-" "Mozilla/5.0 zgrab/0.x"
104.236.128.30 - - [24/Dec/2023:03:15:52 +0000] "GET /manager/html HTTP/1.1" 200 3230 "-" "Mozilla/5.0 zgrab/0.x"
45.79.181.251 - - [24/Dec/2023:03:16:22 +0000] "GET / HTTP/1.1" 200 3230 "-" "Mozilla/5.0 (Macintosh; Intel Mac OS X 13_1) AppleWebKit/537.36 (KHTML, like Gecko) Chrome/108.0.0.0 Safari/537.36"
185.224.128.191 - - [24/Dec/2023:03:28:23 +0000] "GET / HTTP/1.1" 200 3230 "-" "-"
45.142.182.76 - - [24/Dec/2023:03:32:25 +0000] "GET / HTTP/1.1" 200 3230 "-" "Linux Gnu (cow)"
45.33.87.154 - - [24/Dec/2023:03:34:52 +0000] "GET / HTTP/1.1" 200 3230 "-" "Mozilla/5.0 zgrab/0.x"
192.155.90.118 - - [24/Dec/2023:03:35:03 +0000] "GET / HTTP/1.1" 200 3230 "-" "Mozilla/5.0 (Macintosh; Intel Mac OS X 13_1) AppleWebKit/537.36 (KHTML, like Gecko) Chrome/108.0.0.0 Safari/537.36"
54.36.115.221 - - [24/Dec/2023:03:59:24 +0000] "GET /.env HTTP/1.1" 200 3230 "-" "Mozilla/5.0 (X11; Linux x86_64) AppleWebKit/537.36 (KHTML, like Gecko) Chrome/81.0.4044.129 Safari/537.36"
54.36.115.221 - - [24/Dec/2023:03:59:24 +0000] "POST / HTTP/1.1" 404 140 "-" "Mozilla/5.0 (X11; Linux x86_64) AppleWebKit/537.36 (KHTML, like Gecko) Chrome/81.0.4044.129 Safari/537.36"
90.151.171.106 - - [24/Dec/2023:04:36:16 +0000] "GET http://ip.bablosoft.com/?Z71886550850Q1 HTTP/1.1" 200 3230 "https://google.com/" "Mozilla/5.0 (Windows NT 6.1; rv:16.0) Gecko/20100101 Firefox/16.0 (+https://best-proxies.ru/faq/#from)"
54.36.115.221 - - [24/Dec/2023:04:38:35 +0000] "GET /.env HTTP/1.1" 200 3230 "-" "Mozilla/5.0 (X11; Linux x86_64) AppleWebKit/537.36 (KHTML, like Gecko) Chrome/81.0.4044.129 Safari/537.36"
54.36.115.221 - - [24/Dec/2023:04:38:35 +0000] "POST / HTTP/1.1" 404 140 "-" "Mozilla/5.0 (X11; Linux x86_64) AppleWebKit/537.36 (KHTML, like Gecko) Chrome/81.0.4044.129 Safari/537.36"
45.9.150.103 - - [24/Dec/2023:04:38:56 +0000] "GET / HTTP/1.0" - - "-" "-"
45.9.150.103 - - [24/Dec/2023:04:38:57 +0000] "GET / HTTP/1.1" 200 3230 "-" "KqmvBZ65tvZNVjI"
45.9.150.103 - - [24/Dec/2023:04:38:58 +0000] "GET / HTTP/1.1" 200 3230 "-" "RRRfKjfSeDS1Xsb"
45.9.150.103 - - [24/Dec/2023:04:38:58 +0000] "GET /favicon.ico HTTP/1.1" 200 3870 "-" "9R5sK4NQbP7OxPm"
45.9.150.103 - - [24/Dec/2023:04:38:59 +0000] "GET /robots.txt HTTP/1.1" 200 67 "-" "lcOCtFp9XNrSGPE"
45.9.150.103 - - [24/Dec/2023:04:38:59 +0000] "HEAD / HTTP/1.1" 200 3230 "-" "6akhM4QhR2R3aGz"
45.9.150.103 - - [24/Dec/2023:04:39:00 +0000] "DELETE / HTTP/1.1" 404 142 "-" "gaxa6XCzHOQWN0u"
172.104.210.105 - - [24/Dec/2023:04:45:46 +0000] "GET / HTTP/1.1" 200 3230 "-" "Mozilla/5.0 zgrab/0.x"
45.79.181.179 - - [24/Dec/2023:04:46:09 +0000] "GET / HTTP/1.1" 200 3230 "-" "Mozilla/5.0 (Macintosh; Intel Mac OS X 13_1) AppleWebKit/537.36 (KHTML, like Gecko) Chrome/108.0.0.0 Safari/537.36"
45.79.168.172 - - [24/Dec/2023:04:53:45 +0000] "GET / HTTP/1.1" 200 3230 "-" "Mozilla/5.0 zgrab/0.x"
45.79.181.223 - - [24/Dec/2023:04:54:03 +0000] "GET / HTTP/1.1" 200 3230 "-" "Mozilla/5.0 (Macintosh; Intel Mac OS X 13_1) AppleWebKit/537.36 (KHTML, like Gecko) Chrome/108.0.0.0 Safari/537.36"
95.214.235.169 - - [24/Dec/2023:05:19:32 +0000] "GET /.env HTTP/1.1" 200 3230 "-" "Mozilla/5.0 (X11; Linux x86_64) AppleWebKit/537.36 (KHTML, like Gecko) Chrome/81.0.4044.129 Safari/537.36"
95.214.235.169 - - [24/Dec/2023:05:19:36 +0000] "POST / HTTP/1.1" 404 140 "-" "Mozilla/5.0 (X11; Linux x86_64) AppleWebKit/537.36 (KHTML, like Gecko) Chrome/81.0.4044.129 Safari/537.36"
162.142.125.222 - - [24/Dec/2023:05:25:22 +0000] "GET / HTTP/1.1" 200 3230 "-" "-"
162.142.125.222 - - [24/Dec/2023:05:25:25 +0000] "GET / HTTP/1.1" 200 3230 "-" "Mozilla/5.0 (compatible; CensysInspect/1.1; +https://about.censys.io/)"
162.142.125.222 - - [24/Dec/2023:05:25:26 +0000] "GET /favicon.ico HTTP/1.1" 200 3870 "-" "Mozilla/5.0 (compatible; CensysInspect/1.1; +https://about.censys.io/)"
162.142.125.222 - - [24/Dec/2023:05:25:26 +0000] "GET /logo192.png HTTP/1.1" 200 5347 "-" "Mozilla/5.0 (compatible; CensysInspect/1.1; +https://about.censys.io/)"
45.79.168.172 - - [24/Dec/2023:05:29:33 +0000] "GET / HTTP/1.1" 200 3230 "-" "Mozilla/5.0 zgrab/0.x"
45.79.181.104 - - [24/Dec/2023:05:29:46 +0000] "GET / HTTP/1.1" 200 3230 "-" "Mozilla/5.0 (Macintosh; Intel Mac OS X 13_1) AppleWebKit/537.36 (KHTML, like Gecko) Chrome/108.0.0.0 Safari/537.36"
45.79.163.53 - - [24/Dec/2023:05:34:52 +0000] "GET / HTTP/1.1" 200 3230 "-" "Mozilla/5.0 zgrab/0.x"
172.104.11.46 - - [24/Dec/2023:05:35:06 +0000] "GET / HTTP/1.1" 200 3230 "-" "Mozilla/5.0 (Macintosh; Intel Mac OS X 13_1) AppleWebKit/537.36 (KHTML, like Gecko) Chrome/108.0.0.0 Safari/537.36"
54.36.115.221 - - [24/Dec/2023:05:55:35 +0000] "GET /.env HTTP/1.1" 200 3230 "-" "Mozilla/5.0 (X11; Linux x86_64) AppleWebKit/537.36 (KHTML, like Gecko) Chrome/81.0.4044.129 Safari/537.36"
54.36.115.221 - - [24/Dec/2023:05:55:35 +0000] "POST / HTTP/1.1" 404 140 "-" "Mozilla/5.0 (X11; Linux x86_64) AppleWebKit/537.36 (KHTML, like Gecko) Chrome/81.0.4044.129 Safari/537.36"
162.216.149.177 - - [24/Dec/2023:06:39:49 +0000] "GET / HTTP/1.1" 200 3230 "-" "Expanse, a Palo Alto Networks company, searches across the global IPv4 space multiple times per day to identify customers&#39; presences on the Internet. If you would like to be excluded from our scans, please send IP addresses/domains to: scaninfo@paloaltonetworks.com"
205.210.31.230 - - [24/Dec/2023:06:44:46 +0000] "GET / HTTP/1.0" 200 3230 "-" "Expanse, a Palo Alto Networks company, searches across the global IPv4 space multiple times per day to identify customers&#39; presences on the Internet. If you would like to be excluded from our scans, please send IP addresses/domains to: scaninfo@paloaltonetworks.com"
192.155.88.231 - - [24/Dec/2023:07:10:31 +0000] "GET / HTTP/1.1" 200 3230 "-" "Mozilla/5.0 zgrab/0.x"
45.79.181.179 - - [24/Dec/2023:07:11:06 +0000] "GET / HTTP/1.1" 200 3230 "-" "Mozilla/5.0 (Macintosh; Intel Mac OS X 13_1) AppleWebKit/537.36 (KHTML, like Gecko) Chrome/108.0.0.0 Safari/537.36"
54.36.115.221 - - [24/Dec/2023:07:13:39 +0000] "GET /.env HTTP/1.1" 200 3230 "-" "Mozilla/5.0 (X11; Linux x86_64) AppleWebKit/537.36 (KHTML, like Gecko) Chrome/81.0.4044.129 Safari/537.36"
54.36.115.221 - - [24/Dec/2023:07:13:39 +0000] "POST / HTTP/1.1" 404 140 "-" "Mozilla/5.0 (X11; Linux x86_64) AppleWebKit/537.36 (KHTML, like Gecko) Chrome/81.0.4044.129 Safari/537.36"
95.214.235.169 - - [24/Dec/2023:08:20:17 +0000] "GET /.env HTTP/1.1" 200 3230 "-" "Mozilla/5.0 (X11; Linux x86_64) AppleWebKit/537.36 (KHTML, like Gecko) Chrome/81.0.4044.129 Safari/537.36"
95.214.235.169 - - [24/Dec/2023:08:20:18 +0000] "POST / HTTP/1.1" 404 140 "-" "Mozilla/5.0 (X11; Linux x86_64) AppleWebKit/537.36 (KHTML, like Gecko) Chrome/81.0.4044.129 Safari/537.36"
198.74.56.46 - - [24/Dec/2023:08:40:30 +0000] "GET / HTTP/1.1" 200 3230 "-" "Mozilla/5.0 zgrab/0.x"
45.33.80.243 - - [24/Dec/2023:08:41:33 +0000] "GET / HTTP/1.1" 200 3230 "-" "Mozilla/5.0 (Macintosh; Intel Mac OS X 13_1) AppleWebKit/537.36 (KHTML, like Gecko) Chrome/108.0.0.0 Safari/537.36"
78.153.140.219 - - [24/Dec/2023:08:49:12 +0000] "GET /.env HTTP/1.1" 200 3230 "-" "Mozilla/5.0 (X11; Linux x86_64) AppleWebKit/537.36 (KHTML, like Gecko) Chrome/81.0.4044.129 Safari/537.36"
78.153.140.219 - - [24/Dec/2023:08:49:12 +0000] "POST /.env HTTP/1.1" 404 144 "-" "Mozilla/5.0 (X11; Linux x86_64) AppleWebKit/537.36 (KHTML, like Gecko) Chrome/81.0.4044.129 Safari/537.36"
54.36.115.221 - - [24/Dec/2023:08:59:08 +0000] "GET /.env HTTP/1.1" 200 3230 "-" "Mozilla/5.0 (X11; Linux x86_64) AppleWebKit/537.36 (KHTML, like Gecko) Chrome/81.0.4044.129 Safari/537.36"
54.36.115.221 - - [24/Dec/2023:08:59:08 +0000] "POST / HTTP/1.1" 404 140 "-" "Mozilla/5.0 (X11; Linux x86_64) AppleWebKit/537.36 (KHTML, like Gecko) Chrome/81.0.4044.129 Safari/537.36"
198.235.24.135 - - [24/Dec/2023:09:03:50 +0000] "GET / HTTP/1.1" 200 3230 "-" "Expanse, a Palo Alto Networks company, searches across the global IPv4 space multiple times per day to identify customers&#39; presences on the Internet. If you would like to be excluded from our scans, please send IP addresses/domains to: scaninfo@paloaltonetworks.com"
195.170.172.128 - - [24/Dec/2023:09:31:47 +0000] "GET / HTTP/1.1" 200 3230 "-" "Mozilla/5.0 (Windows NT 10.0; Win64; x64) AppleWebKit/537.36 (KHTML, like Gecko) Chrome/94.0.4606.61 Safari/537.36"
195.170.172.128 - 1KRJfSQj1MTnbGaPiTnuLE5J4FkDcQURe5 [24/Dec/2023:09:31:49 +0000] "POST / HTTP/1.1" 404 140 "-" "Mozilla/5.0 (Windows NT 10.0; Win64; x64) AppleWebKit/537.36 (KHTML, like Gecko) Chrome/94.0.4606.61 Safari/537.36"
195.170.172.128 - 0x91cae5839e786c483b9d6fe58f740616e29e4e16 [24/Dec/2023:09:31:50 +0000] "POST / HTTP/1.1" 404 140 "-" "Mozilla/5.0 (Windows NT 10.0; Win64; x64) AppleWebKit/537.36 (KHTML, like Gecko) Chrome/94.0.4606.61 Safari/537.36"
195.170.172.128 - - [24/Dec/2023:09:31:52 +0000] "GET /WuEL HTTP/1.1" 200 3230 "-" "Mozilla/5.0 (compatible; MSIE 9.0; Windows NT 6.1; Trident/5.0; ; NCLIENT50_AAPCDA5841E333)"
195.170.172.128 - - [24/Dec/2023:09:31:54 +0000] "GET /a HTTP/1.1" 200 3230 "-" "Mozilla/5.0 (Windows NT 10.0; Win64; x64) AppleWebKit/537.36 (KHTML, like Gecko) Chrome/94.0.4606.61 Safari/537.36"
195.170.172.128 - - [24/Dec/2023:09:31:55 +0000] "GET /download/file.ext HTTP/1.1" 200 3230 "-" "Mozilla/5.0 (Windows NT 10.0; Win64; x64) AppleWebKit/537.36 (KHTML, like Gecko) Chrome/94.0.4606.61 Safari/537.36"
195.170.172.128 - - [24/Dec/2023:09:31:56 +0000] "GET /SiteLoader HTTP/1.1" 200 3230 "-" "Mozilla/5.0 (Windows NT 10.0; Win64; x64) AppleWebKit/537.36 (KHTML, like Gecko) Chrome/94.0.4606.61 Safari/537.36"
195.170.172.128 - - [24/Dec/2023:09:31:57 +0000] "GET /mPlayer HTTP/1.1" 200 3230 "-" "Mozilla/5.0 (Windows NT 10.0; Win64; x64) AppleWebKit/537.36 (KHTML, like Gecko) Chrome/94.0.4606.61 Safari/537.36"
195.170.172.128 - - [24/Dec/2023:09:32:09 +0000] "POST / HTTP/1.1" - - "-" "Mozilla/5.0 (Windows NT 10.0; Win64; x64) AppleWebKit/537.36 (KHTML, like Gecko) Chrome/94.0.4606.61 Safari/537.36"
54.36.115.221 - - [24/Dec/2023:09:38:30 +0000] "GET /.env HTTP/1.1" 200 3230 "-" "Mozilla/5.0 (X11; Linux x86_64) AppleWebKit/537.36 (KHTML, like Gecko) Chrome/81.0.4044.129 Safari/537.36"
54.36.115.221 - - [24/Dec/2023:09:38:30 +0000] "POST / HTTP/1.1" 404 140 "-" "Mozilla/5.0 (X11; Linux x86_64) AppleWebKit/537.36 (KHTML, like Gecko) Chrome/81.0.4044.129 Safari/537.36"
90.151.171.106 - - [24/Dec/2023:10:10:34 +0000] "GET http://fingerprints.bablosoft.com/ip?Z71886550850Q1 HTTP/1.1" 200 3230 "https://google.com/" "Mozilla/5.0 (Windows NT 6.1; rv:16.0) Gecko/20100101 Firefox/16.0 (+https://best-proxies.ru/faq/#from)"
84.19.89.37 - - [24/Dec/2023:10:35:28 +0000] "GET / HTTP/1.1" 200 3230 "-" "Mozilla/5.0 (Windows NT 10.0; WOW64) AppleWebKit/537.36 (KHTML, like Gecko) Chrome/52.0.2743.116 Safari/537.36"
79.13.248.116 - - [24/Dec/2023:10:52:52 +0000] "GET / HTTP/1.1" 200 3230 "-" "Mozilla/5.0 (Macintosh; Intel Mac OS X 10_15_7) AppleWebKit/605.1.15 (KHTML, like Gecko) Version/16.3 Safari/605.1.15"
79.13.248.116 - - [24/Dec/2023:10:52:53 +0000] "GET /static/js/main.e4532f1e.chunk.js HTTP/1.1" 304 - "http://34.154.152.81/" "Mozilla/5.0 (Macintosh; Intel Mac OS X 10_15_7) AppleWebKit/605.1.15 (KHTML, like Gecko) Version/16.3 Safari/605.1.15"
79.13.248.116 - - [24/Dec/2023:10:52:53 +0000] "GET /static/css/main.b1d60193.chunk.css HTTP/1.1" 200 2924 "http://34.154.152.81/" "Mozilla/5.0 (Macintosh; Intel Mac OS X 10_15_7) AppleWebKit/605.1.15 (KHTML, like Gecko) Version/16.3 Safari/605.1.15"
79.13.248.116 - - [24/Dec/2023:10:52:53 +0000] "GET /static/js/2.f5e8e300.chunk.js HTTP/1.1" 304 - "http://34.154.152.81/" "Mozilla/5.0 (Macintosh; Intel Mac OS X 10_15_7) AppleWebKit/605.1.15 (KHTML, like Gecko) Version/16.3 Safari/605.1.15"
79.13.248.116 - - [24/Dec/2023:10:52:53 +0000] "GET /manifest.json HTTP/1.1" 304 - "http://34.154.152.81/" "Mozilla/5.0 (Macintosh; Intel Mac OS X 10_15_7) AppleWebKit/605.1.15 (KHTML, like Gecko) Version/16.3 Safari/605.1.15"
79.13.248.116 - - [24/Dec/2023:10:53:00 +0000] "GET / HTTP/1.1" 200 3230 "-" "Mozilla/5.0 (Macintosh; Intel Mac OS X 10_15_7) AppleWebKit/605.1.15 (KHTML, like Gecko) Version/16.3 Safari/605.1.15"
79.13.248.116 - - [24/Dec/2023:10:53:00 +0000] "GET /manifest.json HTTP/1.1" 304 - "http://34.154.152.81/" "Mozilla/5.0 (Macintosh; Intel Mac OS X 10_15_7) AppleWebKit/605.1.15 (KHTML, like Gecko) Version/16.3 Safari/605.1.15"
79.13.248.116 - - [24/Dec/2023:10:53:00 +0000] "GET /static/css/main.b1d60193.chunk.css HTTP/1.1" 304 - "http://34.154.152.81/" "Mozilla/5.0 (Macintosh; Intel Mac OS X 10_15_7) AppleWebKit/605.1.15 (KHTML, like Gecko) Version/16.3 Safari/605.1.15"
79.13.248.116 - - [24/Dec/2023:10:53:00 +0000] "GET /static/js/2.f5e8e300.chunk.js HTTP/1.1" 304 - "http://34.154.152.81/" "Mozilla/5.0 (Macintosh; Intel Mac OS X 10_15_7) AppleWebKit/605.1.15 (KHTML, like Gecko) Version/16.3 Safari/605.1.15"
79.13.248.116 - - [24/Dec/2023:10:53:00 +0000] "GET /static/js/main.e4532f1e.chunk.js HTTP/1.1" 304 - "http://34.154.152.81/" "Mozilla/5.0 (Macintosh; Intel Mac OS X 10_15_7) AppleWebKit/605.1.15 (KHTML, like Gecko) Version/16.3 Safari/605.1.15"
79.13.248.116 - - [24/Dec/2023:10:53:22 +0000] "GET / HTTP/1.1" 304 - "-" "Mozilla/5.0 (Macintosh; Intel Mac OS X 10_15_7) AppleWebKit/605.1.15 (KHTML, like Gecko) Version/16.3 Safari/605.1.15"
79.13.248.116 - - [24/Dec/2023:10:53:22 +0000] "GET /manifest.json HTTP/1.1" 304 - "http://34.154.152.81/" "Mozilla/5.0 (Macintosh; Intel Mac OS X 10_15_7) AppleWebKit/605.1.15 (KHTML, like Gecko) Version/16.3 Safari/605.1.15"
79.13.248.116 - - [24/Dec/2023:10:53:22 +0000] "GET /static/js/main.e4532f1e.chunk.js HTTP/1.1" 304 - "http://34.154.152.81/" "Mozilla/5.0 (Macintosh; Intel Mac OS X 10_15_7) AppleWebKit/605.1.15 (KHTML, like Gecko) Version/16.3 Safari/605.1.15"
79.13.248.116 - - [24/Dec/2023:10:53:22 +0000] "GET /static/js/2.f5e8e300.chunk.js HTTP/1.1" 304 - "http://34.154.152.81/" "Mozilla/5.0 (Macintosh; Intel Mac OS X 10_15_7) AppleWebKit/605.1.15 (KHTML, like Gecko) Version/16.3 Safari/605.1.15"
79.13.248.116 - - [24/Dec/2023:10:53:22 +0000] "GET /static/css/main.b1d60193.chunk.css HTTP/1.1" 304 - "http://34.154.152.81/" "Mozilla/5.0 (Macintosh; Intel Mac OS X 10_15_7) AppleWebKit/605.1.15 (KHTML, like Gecko) Version/16.3 Safari/605.1.15"
79.13.248.116 - - [24/Dec/2023:10:53:25 +0000] "GET //download/file.ext HTTP/1.1" 200 3230 "-" "Mozilla/5.0 (Macintosh; Intel Mac OS X 10_15_7) AppleWebKit/605.1.15 (KHTML, like Gecko) Version/16.3 Safari/605.1.15"
79.13.248.116 - - [24/Dec/2023:10:53:25 +0000] "GET /static/css/main.b1d60193.chunk.css HTTP/1.1" 304 - "http://34.154.152.81//download/file.ext" "Mozilla/5.0 (Macintosh; Intel Mac OS X 10_15_7) AppleWebKit/605.1.15 (KHTML, like Gecko) Version/16.3 Safari/605.1.15"
79.13.248.116 - - [24/Dec/2023:10:53:25 +0000] "GET /manifest.json HTTP/1.1" 304 - "http://34.154.152.81//download/file.ext" "Mozilla/5.0 (Macintosh; Intel Mac OS X 10_15_7) AppleWebKit/605.1.15 (KHTML, like Gecko) Version/16.3 Safari/605.1.15"
79.13.248.116 - - [24/Dec/2023:10:53:25 +0000] "GET /static/js/main.e4532f1e.chunk.js HTTP/1.1" 304 - "http://34.154.152.81//download/file.ext" "Mozilla/5.0 (Macintosh; Intel Mac OS X 10_15_7) AppleWebKit/605.1.15 (KHTML, like Gecko) Version/16.3 Safari/605.1.15"
79.13.248.116 - - [24/Dec/2023:10:53:25 +0000] "GET /static/js/2.f5e8e300.chunk.js HTTP/1.1" 304 - "http://34.154.152.81//download/file.ext" "Mozilla/5.0 (Macintosh; Intel Mac OS X 10_15_7) AppleWebKit/605.1.15 (KHTML, like Gecko) Version/16.3 Safari/605.1.15"
79.13.248.116 - - [24/Dec/2023:10:53:37 +0000] "GET / HTTP/1.1" 304 - "-" "Mozilla/5.0 (Macintosh; Intel Mac OS X 10_15_7) AppleWebKit/537.36 (KHTML, like Gecko) Chrome/120.0.0.0 Safari/537.36"
79.13.248.116 - - [24/Dec/2023:10:53:37 +0000] "GET /static/css/main.b1d60193.chunk.css HTTP/1.1" 304 - "http://34.154.152.81/" "Mozilla/5.0 (Macintosh; Intel Mac OS X 10_15_7) AppleWebKit/537.36 (KHTML, like Gecko) Chrome/120.0.0.0 Safari/537.36"
79.13.248.116 - - [24/Dec/2023:10:53:37 +0000] "GET /static/js/2.f5e8e300.chunk.js HTTP/1.1" 304 - "http://34.154.152.81/" "Mozilla/5.0 (Macintosh; Intel Mac OS X 10_15_7) AppleWebKit/537.36 (KHTML, like Gecko) Chrome/120.0.0.0 Safari/537.36"
79.13.248.116 - - [24/Dec/2023:10:53:37 +0000] "GET /static/js/main.e4532f1e.chunk.js HTTP/1.1" 304 - "http://34.154.152.81/" "Mozilla/5.0 (Macintosh; Intel Mac OS X 10_15_7) AppleWebKit/537.36 (KHTML, like Gecko) Chrome/120.0.0.0 Safari/537.36"
79.13.248.116 - - [24/Dec/2023:10:53:37 +0000] "GET /logo2.jpeg HTTP/1.1" 304 - "http://34.154.152.81/" "Mozilla/5.0 (Macintosh; Intel Mac OS X 10_15_7) AppleWebKit/537.36 (KHTML, like Gecko) Chrome/120.0.0.0 Safari/537.36"
79.13.248.116 - - [24/Dec/2023:10:53:37 +0000] "GET /api/sessions/current HTTP/1.1" 401 37 "http://34.154.152.81/" "Mozilla/5.0 (Macintosh; Intel Mac OS X 10_15_7) AppleWebKit/537.36 (KHTML, like Gecko) Chrome/120.0.0.0 Safari/537.36"
79.13.248.116 - - [24/Dec/2023:10:53:37 +0000] "GET /api/memes HTTP/1.1" 304 - "http://34.154.152.81/" "Mozilla/5.0 (Macintosh; Intel Mac OS X 10_15_7) AppleWebKit/537.36 (KHTML, like Gecko) Chrome/120.0.0.0 Safari/537.36"
79.13.248.116 - - [24/Dec/2023:10:53:50 +0000] "GET /download/file.ext HTTP/1.1" 200 3230 "-" "Mozilla/5.0 (Macintosh; Intel Mac OS X 10_15_7) AppleWebKit/537.36 (KHTML, like Gecko) Chrome/120.0.0.0 Safari/537.36"
79.13.248.116 - - [24/Dec/2023:10:53:50 +0000] "GET /static/js/main.e4532f1e.chunk.js HTTP/1.1" 304 - "http://34.154.152.81/download/file.ext" "Mozilla/5.0 (Macintosh; Intel Mac OS X 10_15_7) AppleWebKit/537.36 (KHTML, like Gecko) Chrome/120.0.0.0 Safari/537.36"
79.13.248.116 - - [24/Dec/2023:10:53:50 +0000] "GET /static/js/2.f5e8e300.chunk.js HTTP/1.1" 304 - "http://34.154.152.81/download/file.ext" "Mozilla/5.0 (Macintosh; Intel Mac OS X 10_15_7) AppleWebKit/537.36 (KHTML, like Gecko) Chrome/120.0.0.0 Safari/537.36"
79.13.248.116 - - [24/Dec/2023:10:53:50 +0000] "GET /static/css/main.b1d60193.chunk.css HTTP/1.1" 304 - "http://34.154.152.81/download/file.ext" "Mozilla/5.0 (Macintosh; Intel Mac OS X 10_15_7) AppleWebKit/537.36 (KHTML, like Gecko) Chrome/120.0.0.0 Safari/537.36"
79.13.248.116 - - [24/Dec/2023:10:53:50 +0000] "GET /logo2.jpeg HTTP/1.1" 304 - "http://34.154.152.81/download/file.ext" "Mozilla/5.0 (Macintosh; Intel Mac OS X 10_15_7) AppleWebKit/537.36 (KHTML, like Gecko) Chrome/120.0.0.0 Safari/537.36"
79.13.248.116 - - [24/Dec/2023:10:53:50 +0000] "GET /api/sessions/current HTTP/1.1" 401 37 "http://34.154.152.81/download/file.ext" "Mozilla/5.0 (Macintosh; Intel Mac OS X 10_15_7) AppleWebKit/537.36 (KHTML, like Gecko) Chrome/120.0.0.0 Safari/537.36"
79.13.248.116 - - [24/Dec/2023:10:53:50 +0000] "GET /api/memes HTTP/1.1" 304 - "http://34.154.152.81/download/file.ext" "Mozilla/5.0 (Macintosh; Intel Mac OS X 10_15_7) AppleWebKit/537.36 (KHTML, like Gecko) Chrome/120.0.0.0 Safari/537.36"
95.214.235.169 - - [24/Dec/2023:11:18:03 +0000] "GET /.env HTTP/1.1" 200 3230 "-" "Mozilla/5.0 (X11; Linux x86_64) AppleWebKit/537.36 (KHTML, like Gecko) Chrome/81.0.4044.129 Safari/537.36"
95.214.235.169 - - [24/Dec/2023:11:18:06 +0000] "POST / HTTP/1.1" 404 140 "-" "Mozilla/5.0 (X11; Linux x86_64) AppleWebKit/537.36 (KHTML, like Gecko) Chrome/81.0.4044.129 Safari/537.36"
54.36.115.221 - - [24/Dec/2023:11:58:23 +0000] "GET /.env HTTP/1.1" 200 3230 "-" "Mozilla/5.0 (X11; Linux x86_64) AppleWebKit/537.36 (KHTML, like Gecko) Chrome/81.0.4044.129 Safari/537.36"
54.36.115.221 - - [24/Dec/2023:11:58:23 +0000] "POST / HTTP/1.1" 404 140 "-" "Mozilla/5.0 (X11; Linux x86_64) AppleWebKit/537.36 (KHTML, like Gecko) Chrome/81.0.4044.129 Safari/537.36"
185.220.101.151 - - [24/Dec/2023:12:44:11 +0000] "GET / HTTP/1.0" - - "-" "-"
185.243.218.89 - - [24/Dec/2023:12:44:30 +0000] "GET / HTTP/1.1" 200 3230 "-" "04szFv62N0u25sF"
45.90.13.251 - - [24/Dec/2023:12:44:37 +0000] "GET / HTTP/1.1" 200 3230 "-" "Gv86NBG9hpUgfRN"
89.236.112.100 - - [24/Dec/2023:12:44:45 +0000] "GET /favicon.ico HTTP/1.1" 200 3870 "-" "96jyOITThfLAq7E"
89.236.112.100 - - [24/Dec/2023:12:44:45 +0000] "GET /robots.txt HTTP/1.1" 200 67 "-" "s5P26745xqMmhxB"
89.236.112.100 - - [24/Dec/2023:12:45:11 +0000] "HEAD / HTTP/1.1" 200 3230 "-" "tFTaUBv1TwSGW9B"
89.236.112.100 - - [24/Dec/2023:12:45:12 +0000] "DELETE / HTTP/1.1" 404 142 "-" "bhIuL2NDJoYB8Xz"
167.94.138.49 - - [24/Dec/2023:12:57:26 +0000] "GET / HTTP/1.1" 200 3230 "-" "-"
167.94.138.49 - - [24/Dec/2023:12:57:29 +0000] "GET / HTTP/1.1" 200 3230 "-" "Mozilla/5.0 (compatible; CensysInspect/1.1; +https://about.censys.io/)"
167.94.138.49 - - [24/Dec/2023:12:57:30 +0000] "GET /favicon.ico HTTP/1.1" 200 3870 "-" "Mozilla/5.0 (compatible; CensysInspect/1.1; +https://about.censys.io/)"
167.94.138.49 - - [24/Dec/2023:12:57:30 +0000] "GET /logo192.png HTTP/1.1" 200 5347 "-" "Mozilla/5.0 (compatible; CensysInspect/1.1; +https://about.censys.io/)"
90.151.171.108 - - [24/Dec/2023:13:00:14 +0000] "GET http://ip.bablosoft.com/?Z71886550850Q1 HTTP/1.1" 200 3230 "https://google.com/" "Mozilla/5.0 (Windows NT 6.1; rv:16.0) Gecko/20100101 Firefox/16.0 (+https://best-proxies.ru/faq/#from)"
139.59.101.104 - - [24/Dec/2023:13:04:59 +0000] "GET /cdn-cgi/trace HTTP/1.1" 200 3230 "-" "Mozilla/5.0"
170.64.172.212 - - [24/Dec/2023:13:13:33 +0000] "GET /.git/config HTTP/1.1" 200 3230 "-" "Mozilla/5.0 (X11; Linux x86_64) AppleWebKit/537.36 (KHTML, like Gecko) Chrome/81.0.4044.129 Safari/537.36"
198.74.56.46 - - [24/Dec/2023:13:26:13 +0000] "GET / HTTP/1.1" 200 3230 "-" "Mozilla/5.0 zgrab/0.x"
172.104.11.51 - - [24/Dec/2023:13:26:31 +0000] "GET / HTTP/1.1" 200 3230 "-" "Mozilla/5.0 (Macintosh; Intel Mac OS X 13_1) AppleWebKit/537.36 (KHTML, like Gecko) Chrome/108.0.0.0 Safari/537.36"
69.164.217.74 - - [24/Dec/2023:13:29:02 +0000] "GET / HTTP/1.1" 200 3230 "-" "Mozilla/5.0 zgrab/0.x"
45.79.172.21 - - [24/Dec/2023:13:29:20 +0000] "GET / HTTP/1.1" 200 3230 "-" "Mozilla/5.0 (Macintosh; Intel Mac OS X 13_1) AppleWebKit/537.36 (KHTML, like Gecko) Chrome/108.0.0.0 Safari/537.36"
95.214.235.169 - - [24/Dec/2023:14:25:32 +0000] "GET /.env HTTP/1.1" 200 3230 "-" "Mozilla/5.0 (X11; Linux x86_64) AppleWebKit/537.36 (KHTML, like Gecko) Chrome/81.0.4044.129 Safari/537.36"
95.214.235.169 - - [24/Dec/2023:14:25:35 +0000] "POST / HTTP/1.1" 404 140 "-" "Mozilla/5.0 (X11; Linux x86_64) AppleWebKit/537.36 (KHTML, like Gecko) Chrome/81.0.4044.129 Safari/537.36"
90.151.171.106 - - [24/Dec/2023:14:55:56 +0000] "GET http://v4.ident.me?Z71886550850Q1 HTTP/1.1" 200 3230 "https://google.com/" "Mozilla/5.0 (Windows NT 6.1; rv:16.0) Gecko/20100101 Firefox/16.0 (+https://best-proxies.ru/faq/#from)"
170.64.130.197 - - [24/Dec/2023:15:17:51 +0000] "GET /Temporary_Listen_Addresses HTTP/1.1" 200 3230 "-" "Mozilla/5.0 zgrab/0.x"
170.64.130.197 - - [24/Dec/2023:15:17:52 +0000] "GET /Pages/log/ HTTP/1.1" 200 3230 "-" "Mozilla/5.0 zgrab/0.x"
139.59.101.104 - - [24/Dec/2023:15:29:24 +0000] "GET /cdn-cgi/trace HTTP/1.1" 200 3230 "-" "Mozilla/5.0"
69.164.217.74 - - [24/Dec/2023:15:52:42 +0000] "GET / HTTP/1.1" 200 3230 "-" "Mozilla/5.0 zgrab/0.x"
45.33.80.243 - - [24/Dec/2023:15:52:56 +0000] "GET / HTTP/1.1" 200 3230 "-" "Mozilla/5.0 (Macintosh; Intel Mac OS X 13_1) AppleWebKit/537.36 (KHTML, like Gecko) Chrome/108.0.0.0 Safari/537.36"
192.155.88.231 - - [24/Dec/2023:16:30:16 +0000] "GET / HTTP/1.1" 200 3230 "-" "Mozilla/5.0 zgrab/0.x"
172.105.128.11 - - [24/Dec/2023:16:30:26 +0000] "GET / HTTP/1.1" 200 3230 "-" "Mozilla/5.0 (Macintosh; Intel Mac OS X 13_1) AppleWebKit/537.36 (KHTML, like Gecko) Chrome/108.0.0.0 Safari/537.36"
45.79.168.172 - - [24/Dec/2023:16:33:13 +0000] "GET / HTTP/1.1" 200 3230 "-" "Mozilla/5.0 zgrab/0.x"
172.104.11.46 - - [24/Dec/2023:16:33:26 +0000] "GET / HTTP/1.1" 200 3230 "-" "Mozilla/5.0 (Macintosh; Intel Mac OS X 13_1) AppleWebKit/537.36 (KHTML, like Gecko) Chrome/108.0.0.0 Safari/537.36"
23.235.171.243 - - [24/Dec/2023:16:38:01 +0000] "GET http://ip.ip1138.com/?_1027600132864378133442586376348800 HTTP/1.1" 200 3230 "-" "Mozilla/5.0 (Windows NT 10.0; WOW64; Trident/7.0; rv:11.0) like Gecko"
185.220.103.7 - - [24/Dec/2023:16:41:38 +0000] "GET / HTTP/1.0" - - "-" "-"
185.241.208.54 - - [24/Dec/2023:16:41:55 +0000] "GET / HTTP/1.1" 200 3230 "-" "Vlsm1jCS1U1f0se"
185.129.61.5 - - [24/Dec/2023:16:42:45 +0000] "GET / HTTP/1.1" 200 3230 "-" "gDI7MvcIh1P14Ps"
185.241.208.202 - - [24/Dec/2023:16:42:47 +0000] "GET / HTTP/1.1" 200 3230 "-" "dKmCxU5YsfFMx0H"
45.9.150.103 - - [24/Dec/2023:16:43:21 +0000] "GET / HTTP/1.1" 200 3230 "-" "CtQpcOhA4EWuuBh"
45.9.150.103 - - [24/Dec/2023:16:43:22 +0000] "GET / HTTP/1.1" 200 3230 "-" "TmgsvAmm42uj0bm"
45.9.150.103 - - [24/Dec/2023:16:43:23 +0000] "GET /favicon.ico HTTP/1.1" 200 3870 "-" "7dCcFDADstHwrmU"
45.9.150.103 - - [24/Dec/2023:16:43:23 +0000] "GET /robots.txt HTTP/1.1" 200 67 "-" "wnTFxyqzRZbbbFM"
45.9.150.103 - - [24/Dec/2023:16:43:24 +0000] "HEAD / HTTP/1.1" 200 3230 "-" "B8FM9mliP8H9GUf"
45.9.150.103 - - [24/Dec/2023:16:43:24 +0000] "DELETE / HTTP/1.1" 404 142 "-" "hiSwps0vOJ3fn3L"
